Component: ARM Compiler 5.06 update 6 (build 750) Tool: armlink [4d35ed]

==============================================================================

Section Cross References

    startup_stm32f103xb.o(RESET) refers to startup_stm32f103xb.o(STACK) for __initial_sp
    startup_stm32f103xb.o(RESET) refers to startup_stm32f103xb.o(.text) for Reset_Handler
    startup_stm32f103xb.o(RESET) refers to stm32f1xx_it.o(i.NMI_Handler) for NMI_Handler
    startup_stm32f103xb.o(RESET) refers to stm32f1xx_it.o(i.HardFault_Handler) for HardFault_Handler
    startup_stm32f103xb.o(RESET) refers to stm32f1xx_it.o(i.MemManage_Handler) for MemManage_Handler
    startup_stm32f103xb.o(RESET) refers to stm32f1xx_it.o(i.BusFault_Handler) for BusFault_Handler
    startup_stm32f103xb.o(RESET) refers to stm32f1xx_it.o(i.UsageFault_Handler) for UsageFault_Handler
    startup_stm32f103xb.o(RESET) refers to stm32f1xx_it.o(i.SVC_Handler) for SVC_Handler
    startup_stm32f103xb.o(RESET) refers to stm32f1xx_it.o(i.DebugMon_Handler) for DebugMon_Handler
    startup_stm32f103xb.o(RESET) refers to stm32f1xx_it.o(i.PendSV_Handler) for PendSV_Handler
    startup_stm32f103xb.o(RESET) refers to stm32f1xx_it.o(i.SysTick_Handler) for SysTick_Handler
    startup_stm32f103xb.o(RESET) refers to stm32f1xx_it.o(i.EXTI0_IRQHandler) for EXTI0_IRQHandler
    startup_stm32f103xb.o(RESET) refers to stm32f1xx_it.o(i.TIM3_IRQHandler) for TIM3_IRQHandler
    startup_stm32f103xb.o(RESET) refers to stm32f1xx_it.o(i.USART1_IRQHandler) for USART1_IRQHandler
    startup_stm32f103xb.o(.text) refers to system_stm32f1xx.o(i.SystemInit) for SystemInit
    startup_stm32f103xb.o(.text) refers to entry.o(.ARM.Collect$$$$00000000) for __main
    rc522.o(i.MFRC522_AntennaOff) refers to rc522.o(i.MFRC522_ClearBitMask) for MFRC522_ClearBitMask
    rc522.o(i.MFRC522_AntennaOn) refers to rc522.o(i.MFRC522_ReadRegister) for MFRC522_ReadRegister
    rc522.o(i.MFRC522_AntennaOn) refers to rc522.o(i.MFRC522_SetBitMask) for MFRC522_SetBitMask
    rc522.o(i.MFRC522_Anticoll) refers to rc522.o(i.MFRC522_WriteRegister) for MFRC522_WriteRegister
    rc522.o(i.MFRC522_Anticoll) refers to rc522.o(i.MFRC522_ToCard) for MFRC522_ToCard
    rc522.o(i.MFRC522_Auth) refers to rc522.o(i.MFRC522_ToCard) for MFRC522_ToCard
    rc522.o(i.MFRC522_Auth) refers to rc522.o(i.MFRC522_ReadRegister) for MFRC522_ReadRegister
    rc522.o(i.MFRC522_CalculateCRC) refers to rc522.o(i.MFRC522_ClearBitMask) for MFRC522_ClearBitMask
    rc522.o(i.MFRC522_CalculateCRC) refers to rc522.o(i.MFRC522_SetBitMask) for MFRC522_SetBitMask
    rc522.o(i.MFRC522_CalculateCRC) refers to rc522.o(i.MFRC522_WriteRegister) for MFRC522_WriteRegister
    rc522.o(i.MFRC522_CalculateCRC) refers to rc522.o(i.MFRC522_ReadRegister) for MFRC522_ReadRegister
    rc522.o(i.MFRC522_Check) refers to rc522.o(i.MFRC522_Request) for MFRC522_Request
    rc522.o(i.MFRC522_Check) refers to rc522.o(i.MFRC522_Anticoll) for MFRC522_Anticoll
    rc522.o(i.MFRC522_Check) refers to rc522.o(i.MFRC522_Halt) for MFRC522_Halt
    rc522.o(i.MFRC522_ClearBitMask) refers to rc522.o(i.MFRC522_ReadRegister) for MFRC522_ReadRegister
    rc522.o(i.MFRC522_ClearBitMask) refers to rc522.o(i.MFRC522_WriteRegister) for MFRC522_WriteRegister
    rc522.o(i.MFRC522_Halt) refers to rc522.o(i.MFRC522_CalculateCRC) for MFRC522_CalculateCRC
    rc522.o(i.MFRC522_Halt) refers to rc522.o(i.MFRC522_ToCard) for MFRC522_ToCard
    rc522.o(i.MFRC522_Init) refers to rc522.o(i.MFRC522_Reset) for MFRC522_Reset
    rc522.o(i.MFRC522_Init) refers to rc522.o(i.MFRC522_WriteRegister) for MFRC522_WriteRegister
    rc522.o(i.MFRC522_Init) refers to rc522.o(i.MFRC522_AntennaOn) for MFRC522_AntennaOn
    rc522.o(i.MFRC522_Read) refers to rc522.o(i.MFRC522_CalculateCRC) for MFRC522_CalculateCRC
    rc522.o(i.MFRC522_Read) refers to rc522.o(i.MFRC522_ToCard) for MFRC522_ToCard
    rc522.o(i.MFRC522_ReadRegister) refers to rc522.o(i.SPI1_ReadReg) for SPI1_ReadReg
    rc522.o(i.MFRC522_Request) refers to rc522.o(i.MFRC522_WriteRegister) for MFRC522_WriteRegister
    rc522.o(i.MFRC522_Request) refers to rc522.o(i.MFRC522_ToCard) for MFRC522_ToCard
    rc522.o(i.MFRC522_Reset) refers to rc522.o(i.MFRC522_WriteRegister) for MFRC522_WriteRegister
    rc522.o(i.MFRC522_SelectTag) refers to rc522.o(i.MFRC522_CalculateCRC) for MFRC522_CalculateCRC
    rc522.o(i.MFRC522_SelectTag) refers to rc522.o(i.MFRC522_ToCard) for MFRC522_ToCard
    rc522.o(i.MFRC522_SetBitMask) refers to rc522.o(i.MFRC522_ReadRegister) for MFRC522_ReadRegister
    rc522.o(i.MFRC522_SetBitMask) refers to rc522.o(i.MFRC522_WriteRegister) for MFRC522_WriteRegister
    rc522.o(i.MFRC522_ToCard) refers to rc522.o(i.MFRC522_WriteRegister) for MFRC522_WriteRegister
    rc522.o(i.MFRC522_ToCard) refers to rc522.o(i.MFRC522_ClearBitMask) for MFRC522_ClearBitMask
    rc522.o(i.MFRC522_ToCard) refers to rc522.o(i.MFRC522_SetBitMask) for MFRC522_SetBitMask
[...]
    ../clib/microlib/division.c              0x00000000   Number         0  uldiv.o ABSOLUTE
    ../clib/microlib/division.c              0x00000000   Number         0  uidiv.o ABSOLUTE
    ../clib/microlib/init/entry.s            0x00000000   Number         0  entry9a.o ABSOLUTE
    ../clib/microlib/init/entry.s            0x00000000   Number         0  entry.o ABSOLUTE
    ../clib/microlib/init/entry.s            0x00000000   Number         0  entry8b.o ABSOLUTE
    ../clib/microlib/init/entry.s            0x00000000   Number         0  entry5.o ABSOLUTE
    ../clib/microlib/init/entry.s            0x00000000   Number         0  entry8a.o ABSOLUTE
    ../clib/microlib/init/entry.s            0x00000000   Number         0  entry7b.o ABSOLUTE
    ../clib/microlib/init/entry.s            0x00000000   Number         0  entry7a.o ABSOLUTE
    ../clib/microlib/init/entry.s            0x00000000   Number         0  entry11b.o ABSOLUTE
    ../clib/microlib/init/entry.s            0x00000000   Number         0  entry11a.o ABSOLUTE
    ../clib/microlib/init/entry.s            0x00000000   Number         0  entry10b.o ABSOLUTE
    ../clib/microlib/init/entry.s            0x00000000   Number         0  entry2.o ABSOLUTE
    ../clib/microlib/init/entry.s            0x00000000   Number         0  entry10a.o ABSOLUTE
    ../clib/microlib/init/entry.s            0x00000000   Number         0  entry9b.o ABSOLUTE
    ../clib/microlib/longlong.c              0x00000000   Number         0  llshl.o ABSOLUTE
    ../clib/microlib/longlong.c              0x00000000   Number         0  llsshr.o ABSOLUTE
    ../clib/microlib/longlong.c              0x00000000   Number         0  llushr.o ABSOLUTE
    ../clib/microlib/printf/printf.c         0x00000000   Number         0  printf6.o ABSOLUTE
    ../clib/microlib/printf/printf.c         0x00000000   Number         0  printf5.o ABSOLUTE
    ../clib/microlib/printf/printf.c         0x00000000   Number         0  printf4.o ABSOLUTE
    ../clib/microlib/printf/printf.c         0x00000000   Number         0  printf0.o ABSOLUTE
    ../clib/microlib/printf/printf.c         0x00000000   Number         0  printf1.o ABSOLUTE
    ../clib/microlib/printf/printf.c         0x00000000   Number         0  printfa.o ABSOLUTE
    ../clib/microlib/printf/printf.c         0x00000000   Number         0  printfb.o ABSOLUTE
    ../clib/microlib/printf/printf.c         0x00000000   Number         0  printf3.o ABSOLUTE
    ../clib/microlib/printf/printf.c         0x00000000   Number         0  printf8.o ABSOLUTE
    ../clib/microlib/printf/printf.c         0x00000000   Number         0  printf2.o ABSOLUTE
    ../clib/microlib/printf/printf.c         0x00000000   Number         0  printf7.o ABSOLUTE
    ../clib/microlib/printf/stubs.s          0x00000000   Number         0  stubs.o ABSOLUTE
    ../clib/microlib/stdio/streams.c         0x00000000   Number         0  stdout.o ABSOLUTE
    ../clib/microlib/string/memset.c         0x00000000   Number         0  memseta.o ABSOLUTE
    ../clib/microlib/string/strlen.c         0x00000000   Number         0  strlen.o ABSOLUTE
    ../clib/microlib/stubs.s                 0x00000000   Number         0  iusefp.o ABSOLUTE
    ../fplib/microlib/d2f.c                  0x00000000   Number         0  d2f.o ABSOLUTE
    ../fplib/microlib/f2d.c                  0x00000000   Number         0  f2d.o ABSOLUTE
    ../fplib/microlib/fpadd.c                0x00000000   Number         0  dadd.o ABSOLUTE
    ../fplib/microlib/fpadd.c                0x00000000   Number         0  fadd.o ABSOLUTE
    ../fplib/microlib/fpdiv.c                0x00000000   Number         0  fdiv.o ABSOLUTE
    ../fplib/microlib/fpdiv.c                0x00000000   Number         0  ddiv.o ABSOLUTE
    ../fplib/microlib/fpepilogue.c           0x00000000   Number         0  fepilogue.o ABSOLUTE
    ../fplib/microlib/fpepilogue.c           0x00000000   Number         0  depilogue.o ABSOLUTE
    ../fplib/microlib/fpfix.c                0x00000000   Number         0  dfixul.o ABSOLUTE
    ../fplib/microlib/fpflt.c                0x00000000   Number         0  dfltui.o ABSOLUTE
    ../fplib/microlib/fpflt.c                0x00000000   Number         0  dflti.o ABSOLUTE
    ../fplib/microlib/fpmul.c                0x00000000   Number         0  dmul.o ABSOLUTE
    ../fplib/microlib/fpscalb.c              0x00000000   Number         0  dscalb.o ABSOLUTE
    ..\Drivers\STM32F1xx_HAL_Driver\Src\stm32f1xx_hal.c 0x00000000   Number         0  stm32f1xx_hal.o ABSOLUTE
    ..\Drivers\STM32F1xx_HAL_Driver\Src\stm32f1xx_hal_cortex.c 0x00000000   Number         0  stm32f1xx_hal_cortex.o ABSOLUTE
    ..\Drivers\STM32F1xx_HAL_Driver\Src\stm32f1xx_hal_dma.c 0x00000000   Number         0  stm32f1xx_hal_dma.o ABSOLUTE
    ..\Drivers\STM32F1xx_HAL_Driver\Src\stm32f1xx_hal_exti.c 0x00000000   Number         0  stm32f1xx_hal_exti.o ABSOLUTE
    ..\Drivers\STM32F1xx_HAL_Driver\Src\stm32f1xx_hal_flash.c 0x00000000   Number         0  stm32f1xx_hal_flash.o ABSOLUTE
    ..\Drivers\STM32F1xx_HAL_Driver\Src\stm32f1xx_hal_flash_ex.c 0x00000000   Number         0  stm32f1xx_hal_flash_ex.o ABSOLUTE
    ..\Drivers\STM32F1xx_HAL_Driver\Src\stm32f1xx_hal_gpio.c 0x00000000   Number         0  stm32f1xx_hal_gpio.o ABSOLUTE
    ..\Drivers\STM32F1xx_HAL_Driver\Src\stm32f1xx_hal_gpio_ex.c 0x00000000   Number         0  stm32f1xx_hal_gpio_ex.o ABSOLUTE
    ..\Drivers\STM32F1xx_HAL_Driver\Src\stm32f1xx_hal_i2c.c 0x00000000   Number         0  stm32f1xx_hal_i2c.o ABSOLUTE
    ..\Drivers\STM32F1xx_HAL_Driver\Src\stm32f1xx_hal_pwr.c 0x00000000   Number         0  stm32f1xx_hal_pwr.o ABSOLUTE
    ..\Drivers\STM32F1xx_HAL_Driver\Src\stm32f1xx_hal_rcc.c 0x00000000   Number         0  stm32f1xx_hal_rcc.o ABSOLUTE
    ..\Drivers\STM32F1xx_HAL_Driver\Src\stm32f1xx_hal_rcc_ex.c 0x00000000   Number         0  stm32f1xx_hal_rcc_ex.o ABSOLUTE
    ..\Drivers\STM32F1xx_HAL_Driver\Src\stm32f1xx_hal_spi.c 0x00000000   Number         0  stm32f1xx_hal_spi.o ABSOLUTE
    ..\Drivers\STM32F1xx_HAL_Driver\Src\stm32f1xx_hal_tim.c 0x00000000   Number         0  stm32f1xx_hal_tim.o ABSOLUTE
    ..\Drivers\STM32F1xx_HAL_Driver\Src\stm32f1xx_hal_tim_ex.c 0x00000000   Number         0  stm32f1xx_hal_tim_ex.o ABSOLUTE
    ..\Drivers\STM32F1xx_HAL_Driver\Src\stm32f1xx_hal_uart.c 0x00000000   Number         0  stm32f1xx_hal_uart.o ABSOLUTE
    ..\Src\fonts.c                           0x00000000   Number         0  fonts.o ABSOLUTE
    ..\Src\main.c                            0x00000000   Number         0  main.o ABSOLUTE
    ..\Src\max30100_for_stm32_hal.c          0x00000000   Number         0  max30100_for_stm32_hal.o ABSOLUTE
    ..\Src\mlx90614.c                        0x00000000   Number         0  mlx90614.o ABSOLUTE
    ..\Src\rc522.c                           0x00000000   Number         0  rc522.o ABSOLUTE
    ..\Src\ssd1306.c                         0x00000000   Number         0  ssd1306.o ABSOLUTE
    ..\Src\stm32f1xx_hal_msp.c               0x00000000   Number         0  stm32f1xx_hal_msp.o ABSOLUTE
    ..\Src\stm32f1xx_it.c                    0x00000000   Number         0  stm32f1xx_it.o ABSOLUTE
    ..\Src\system_stm32f1xx.c                0x00000000   Number         0  system_stm32f1xx.o ABSOLUTE
    ..\Src\test.c                            0x00000000   Number         0  test.o ABSOLUTE
    ..\\Src\\fonts.c                         0x00000000   Number         0  fonts.o ABSOLUTE
    ..\\Src\\max30100_for_stm32_hal.c        0x00000000   Number         0  max30100_for_stm32_hal.o ABSOLUTE
    ..\\Src\\mlx90614.c                      0x00000000   Number         0  mlx90614.o ABSOLUTE
    ..\\Src\\rc522.c                         0x00000000   Number         0  rc522.o ABSOLUTE
    ..\\Src\\ssd1306.c                       0x00000000   Number         0  ssd1306.o ABSOLUTE
    ..\\Src\\test.c                          0x00000000   Number         0  test.o ABSOLUTE
    cdrcmple.s                               0x00000000   Number         0  cdrcmple.o ABSOLUTE
    dc.s                                     0x00000000   Number         0  dc.o ABSOLUTE
    handlers.s                               0x00000000   Number         0  handlers.o ABSOLUTE
    init.s                                   0x00000000   Number         0  init.o ABSOLUTE
    startup_stm32f103xb.s                    0x00000000   Number         0  startup_stm32f103xb.o ABSOLUTE
    RESET                                    0x08000000   Section      236  startup_stm32f103xb.o(RESET)
    .ARM.Collect$$$$00000000                 0x080000ec   Section        0  entry.o(.ARM.Collect$$$$00000000)
    .ARM.Collect$$$$00000001                 0x080000ec   Section        4  entry2.o(.ARM.Collect$$$$00000001)
    .ARM.Collect$$$$00000004                 0x080000f0   Section        4  entry5.o(.ARM.Collect$$$$00000004)
    .ARM.Collect$$$$00000008                 0x080000f4   Section        0  entry7b.o(.ARM.Collect$$$$00000008)
    .ARM.Collect$$$$0000000A                 0x080000f4   Section        0  entry8b.o(.ARM.Collect$$$$0000000A)
    .ARM.Collect$$$$0000000B                 0x080000f4   Section        8  entry9a.o(.ARM.Collect$$$$0000000B)
    .ARM.Collect$$$$0000000D                 0x080000fc   Section        0  entry10a.o(.ARM.Collect$$$$0000000D)
    .ARM.Collect$$$$0000000F                 0x080000fc   Section        0  entry11a.o(.ARM.Collect$$$$0000000F)
    .ARM.Collect$$$$00002712                 0x080000fc   Section        4  entry2.o(.ARM.Collect$$$$00002712)
    __lit__00000000                          0x080000fc   Data           4  entry2.o(.ARM.Collect$$$$00002712)
    .text                                    0x08000100   Section       36  startup_stm32f103xb.o(.text)
    .text                                    0x08000124   Section        0  llushr.o(.text)
    .text                                    0x08000144   Section        0  memseta.o(.text)
    .text                                    0x08000168   Section        0  fadd.o(.text)
    .text                                    0x08000218   Section        0  fdiv.o(.text)
    .text                                    0x08000294   Section        0  dadd.o(.text)
    .text                                    0x080003e2   Section        0  dmul.o(.text)
    .text                                    0x080004c6   Section        0  dfltui.o(.text)
    .text                                    0x080004e0   Section        0  f2d.o(.text)
    .text                                    0x08000506   Section        0  d2f.o(.text)
    .text                                    0x0800053e   Section        0  uidiv.o(.text)
    .text                                    0x0800056a   Section        0  uldiv.o(.text)
    .text                                    0x080005cc   Section        0  llshl.o(.text)
    .text                                    0x080005ea   Section        0  llsshr.o(.text)
    .text                                    0x0800060e   Section        0  iusefp.o(.text)
    .text                                    0x0800060e   Section        0  fepilogue.o(.text)
    .text                                    0x0800067c   Section        0  depilogue.o(.text)
    .text                                    0x08000736   Section        0  ddiv.o(.text)
    .text                                    0x08000814   Section        0  dfixul.o(.text)
    .text                                    0x08000844   Section       48  cdrcmple.o(.text)
    .text                                    0x08000874   Section       36  init.o(.text)
    i.BusFault_Handler                       0x08000898   Section        0  stm32f1xx_it.o(i.BusFault_Handler)
    i.CRC8_Calc                              0x0800089c   Section        0  mlx90614.o(i.CRC8_Calc)
    i.DebugMon_Handler                       0x080008bc   Section        0  stm32f1xx_it.o(i.DebugMon_Handler)
    i.EXTI0_IRQHandler                       0x080008be   Section        0  stm32f1xx_it.o(i.EXTI0_IRQHandler)
    i.HAL_DMA_Abort_IT                       0x080008c4   Section        0  stm32f1xx_hal_dma.o(i.HAL_DMA_Abort_IT)
    i.HAL_Delay                              0x0800095c   Section        0  stm32f1xx_hal.o(i.HAL_Delay)
    i.HAL_GPIO_EXTI_Callback                 0x08000980   Section        0  stm32f1xx_hal_gpio.o(i.HAL_GPIO_EXTI_Callback)
    i.HAL_GPIO_EXTI_IRQHandler               0x08000984   Section        0  stm32f1xx_hal_gpio.o(i.HAL_GPIO_EXTI_IRQHandler)
    i.HAL_GPIO_Init                          0x0800099c   Section        0  stm32f1xx_hal_gpio.o(i.HAL_GPIO_Init)
    i.HAL_GPIO_ReadPin                       0x08000b7c   Section        0  stm32f1xx_hal_gpio.o(i.HAL_GPIO_ReadPin)
    i.HAL_GPIO_WritePin                      0x08000b86   Section        0  stm32f1xx_hal_gpio.o(i.HAL_GPIO_WritePin)
    i.HAL_GetTick                            0x08000b90   Section        0  stm32f1xx_hal.o(i.HAL_GetTick)
    i.HAL_I2C_Init                           0x08000b9c   Section        0  stm32f1xx_hal_i2c.o(i.HAL_I2C_Init)
    i.HAL_I2C_IsDeviceReady                  0x08000d24   Section        0  stm32f1xx_hal_i2c.o(i.HAL_I2C_IsDeviceReady)
    i.HAL_I2C_Master_Receive                 0x08000e90   Section        0  stm32f1xx_hal_i2c.o(i.HAL_I2C_Master_Receive)
    i.HAL_I2C_Master_Transmit                0x080010d4   Section        0  stm32f1xx_hal_i2c.o(i.HAL_I2C_Master_Transmit)
    i.HAL_I2C_Mem_Read                       0x08001200   Section        0  stm32f1xx_hal_i2c.o(i.HAL_I2C_Mem_Read)
    i.HAL_I2C_MspInit                        0x08001450   Section        0  stm32f1xx_hal_msp.o(i.HAL_I2C_MspInit)
    i.HAL_IncTick                            0x080014e8   Section        0  stm32f1xx_hal.o(i.HAL_IncTick)
    i.HAL_Init                               0x080014f8   Section        0  stm32f1xx_hal.o(i.HAL_Init)
    i.HAL_InitTick                           0x0800151c   Section        0  stm32f1xx_hal.o(i.HAL_InitTick)
    i.HAL_MspInit                            0x0800155c   Section        0  stm32f1xx_hal_msp.o(i.HAL_MspInit)
    i.HAL_NVIC_EnableIRQ                     0x08001598   Section        0  stm32f1xx_hal_cortex.o(i.HAL_NVIC_EnableIRQ)
    i.HAL_NVIC_SetPriority                   0x080015b4   Section        0  stm32f1xx_hal_cortex.o(i.HAL_NVIC_SetPriority)
    i.HAL_NVIC_SetPriorityGrouping           0x080015f4   Section        0  stm32f1xx_hal_cortex.o(i.HAL_NVIC_SetPriorityGrouping)
    i.HAL_RCC_ClockConfig                    0x08001618   Section        0  stm32f1xx_hal_rcc.o(i.HAL_RCC_ClockConfig)
    i.HAL_RCC_GetPCLK1Freq                   0x08001744   Section        0  stm32f1xx_hal_rcc.o(i.HAL_RCC_GetPCLK1Freq)
    i.HAL_RCC_GetPCLK2Freq                   0x08001764   Section        0  stm32f1xx_hal_rcc.o(i.HAL_RCC_GetPCLK2Freq)
    i.HAL_RCC_GetSysClockFreq                0x08001784   Section        0  stm32f1xx_hal_rcc.o(i.HAL_RCC_GetSysClockFreq)
    i.HAL_RCC_OscConfig                      0x080017f0   Section        0  stm32f1xx_hal_rcc.o(i.HAL_RCC_OscConfig)
    i.HAL_SPI_Init                           0x08001b10   Section        0  stm32f1xx_hal_spi.o(i.HAL_SPI_Init)
    i.HAL_SPI_MspInit                        0x08001bc4   Section        0  stm32f1xx_hal_msp.o(i.HAL_SPI_MspInit)
    i.HAL_SPI_TransmitReceive                0x08001c34   Section        0  stm32f1xx_hal_spi.o(i.HAL_SPI_TransmitReceive)
    i.HAL_SYSTICK_Config                     0x08001e16   Section        0  stm32f1xx_hal_cortex.o(i.HAL_SYSTICK_Config)
    i.HAL_TIMEx_BreakCallback                0x08001e3e   Section        0  stm32f1xx_hal_tim_ex.o(i.HAL_TIMEx_BreakCallback)
    i.HAL_TIMEx_CommutCallback               0x08001e40   Section        0  stm32f1xx_hal_tim_ex.o(i.HAL_TIMEx_CommutCallback)
    i.HAL_TIMEx_MasterConfigSynchronization  0x08001e44   Section        0  stm32f1xx_hal_tim_ex.o(i.HAL_TIMEx_MasterConfigSynchronization)
    i.HAL_TIM_Base_Init                      0x08001eac   Section        0  stm32f1xx_hal_tim.o(i.HAL_TIM_Base_Init)
    i.HAL_TIM_Base_MspInit                   0x08001f08   Section        0  stm32f1xx_hal_msp.o(i.HAL_TIM_Base_MspInit)
    i.HAL_TIM_Base_Start_IT                  0x08001f44   Section        0  stm32f1xx_hal_tim.o(i.HAL_TIM_Base_Start_IT)
    i.HAL_TIM_ConfigClockSource              0x08001f9c   Section        0  stm32f1xx_hal_tim.o(i.HAL_TIM_ConfigClockSource)
    i.HAL_TIM_IC_CaptureCallback             0x08002072   Section        0  stm32f1xx_hal_tim.o(i.HAL_TIM_IC_CaptureCallback)
    i.HAL_TIM_IRQHandler                     0x08002074   Section        0  stm32f1xx_hal_tim.o(i.HAL_TIM_IRQHandler)
    i.HAL_TIM_OC_DelayElapsedCallback        0x080021da   Section        0  stm32f1xx_hal_tim.o(i.HAL_TIM_OC_DelayElapsedCallback)
    i.HAL_TIM_PWM_PulseFinishedCallback      0x080021dc   Section        0  stm32f1xx_hal_tim.o(i.HAL_TIM_PWM_PulseFinishedCallback)
    i.HAL_TIM_PeriodElapsedCallback          0x080021e0   Section        0  main.o(i.HAL_TIM_PeriodElapsedCallback)
    i.HAL_TIM_TriggerCallback                0x08002378   Section        0  stm32f1xx_hal_tim.o(i.HAL_TIM_TriggerCallback)
    i.HAL_UART_ErrorCallback                 0x0800237a   Section        0  stm32f1xx_hal_uart.o(i.HAL_UART_ErrorCallback)
    i.HAL_UART_IRQHandler                    0x0800237c   Section        0  stm32f1xx_hal_uart.o(i.HAL_UART_IRQHandler)
    i.HAL_UART_Init                          0x080024d8   Section        0  stm32f1xx_hal_uart.o(i.HAL_UART_Init)
    i.HAL_UART_MspInit                       0x0800253c   Section        0  stm32f1xx_hal_msp.o(i.HAL_UART_MspInit)
    i.HAL_UART_Receive_IT                    0x08002608   Section        0  stm32f1xx_hal_uart.o(i.HAL_UART_Receive_IT)
    i.HAL_UART_RxCpltCallback                0x0800265c   Section        0  main.o(i.HAL_UART_RxCpltCallback)
    i.HAL_UART_Transmit                      0x080026b8   Section        0  stm32f1xx_hal_uart.o(i.HAL_UART_Transmit)
    i.HAL_UART_TxCpltCallback                0x0800276a   Section        0  stm32f1xx_hal_uart.o(i.HAL_UART_TxCpltCallback)
    i.HardFault_Handler                      0x0800276c   Section        0  stm32f1xx_it.o(i.HardFault_Handler)
    i.I2C_IsAcknowledgeFailed                0x0800276e   Section        0  stm32f1xx_hal_i2c.o(i.I2C_IsAcknowledgeFailed)
    I2C_IsAcknowledgeFailed                  0x0800276f   Thumb Code    46  stm32f1xx_hal_i2c.o(i.I2C_IsAcknowledgeFailed)
    i.I2C_MasterRequestRead                  0x0800279c   Section        0  stm32f1xx_hal_i2c.o(i.I2C_MasterRequestRead)
    I2C_MasterRequestRead                    0x0800279d   Thumb Code   230  stm32f1xx_hal_i2c.o(i.I2C_MasterRequestRead)
    i.I2C_MasterRequestWrite                 0x08002888   Section        0  stm32f1xx_hal_i2c.o(i.I2C_MasterRequestWrite)
    I2C_MasterRequestWrite                   0x08002889   Thumb Code   150  stm32f1xx_hal_i2c.o(i.I2C_MasterRequestWrite)
    i.I2C_RequestMemoryRead                  0x08002924   Section        0  stm32f1xx_hal_i2c.o(i.I2C_RequestMemoryRead)
    I2C_RequestMemoryRead                    0x08002925   Thumb Code   246  stm32f1xx_hal_i2c.o(i.I2C_RequestMemoryRead)
    i.I2C_WaitOnBTFFlagUntilTimeout          0x08002a20   Section        0  stm32f1xx_hal_i2c.o(i.I2C_WaitOnBTFFlagUntilTimeout)
    I2C_WaitOnBTFFlagUntilTimeout            0x08002a21   Thumb Code    76  stm32f1xx_hal_i2c.o(i.I2C_WaitOnBTFFlagUntilTimeout)
    i.I2C_WaitOnFlagUntilTimeout             0x08002a6c   Section        0  stm32f1xx_hal_i2c.o(i.I2C_WaitOnFlagUntilTimeout)
    I2C_WaitOnFlagUntilTimeout               0x08002a6d   Thumb Code   104  stm32f1xx_hal_i2c.o(i.I2C_WaitOnFlagUntilTimeout)
    i.I2C_WaitOnMasterAddressFlagUntilTimeout 0x08002ad4   Section        0  stm32f1xx_hal_i2c.o(i.I2C_WaitOnMasterAddressFlagUntilTimeout)
    I2C_WaitOnMasterAddressFlagUntilTimeout  0x08002ad5   Thumb Code   150  stm32f1xx_hal_i2c.o(i.I2C_WaitOnMasterAddressFlagUntilTimeout)
    i.I2C_WaitOnRXNEFlagUntilTimeout         0x08002b6a   Section        0  stm32f1xx_hal_i2c.o(i.I2C_WaitOnRXNEFlagUntilTimeout)
    I2C_WaitOnRXNEFlagUntilTimeout           0x08002b6b   Thumb Code   102  stm32f1xx_hal_i2c.o(i.I2C_WaitOnRXNEFlagUntilTimeout)
    i.I2C_WaitOnTXEFlagUntilTimeout          0x08002bd0   Section        0  stm32f1xx_hal_i2c.o(i.I2C_WaitOnTXEFlagUntilTimeout)
    I2C_WaitOnTXEFlagUntilTimeout            0x08002bd1   Thumb Code    76  stm32f1xx_hal_i2c.o(i.I2C_WaitOnTXEFlagUntilTimeout)
    i.MAX30100_ClearFIFO                     0x08002c1c   Section        0  max30100_for_stm32_hal.o(i.MAX30100_ClearFIFO)
    i.MAX30100_EnableInterrupt               0x08002c3a   Section        0  max30100_for_stm32_hal.o(i.MAX30100_EnableInterrupt)
    i.MAX30100_Init                          0x08002c5c   Section        0  max30100_for_stm32_hal.o(i.MAX30100_Init)
    i.MAX30100_ReadReg                       0x08002c74   Section        0  max30100_for_stm32_hal.o(i.MAX30100_ReadReg)
    i.MAX30100_SetLEDCurrent                 0x08002ca8   Section        0  max30100_for_stm32_hal.o(i.MAX30100_SetLEDCurrent)
    i.MAX30100_SetLEDPulseWidth              0x08002cc0   Section        0  max30100_for_stm32_hal.o(i.MAX30100_SetLEDPulseWidth)
    i.MAX30100_SetMode                       0x08002cdc   Section        0  max30100_for_stm32_hal.o(i.MAX30100_SetMode)
    i.MAX30100_SetSpO2SampleRate             0x08002d30   Section        0  max30100_for_stm32_hal.o(i.MAX30100_SetSpO2SampleRate)
    i.MAX30100_Stop                          0x08002d4c   Section        0  max30100_for_stm32_hal.o(i.MAX30100_Stop)
    i.MAX30100_WriteReg                      0x08002d6c   Section        0  max30100_for_stm32_hal.o(i.MAX30100_WriteReg)
    i.MFRC522_AntennaOn                      0x08002d90   Section        0  rc522.o(i.MFRC522_AntennaOn)
    i.MFRC522_Anticoll                       0x08002daa   Section        0  rc522.o(i.MFRC522_Anticoll)
    i.MFRC522_CalculateCRC                   0x08002dec   Section        0  rc522.o(i.MFRC522_CalculateCRC)
    i.MFRC522_Check                          0x08002e4a   Section        0  rc522.o(i.MFRC522_Check)
    i.MFRC522_ClearBitMask                   0x08002e6a   Section        0  rc522.o(i.MFRC522_ClearBitMask)
    i.MFRC522_Compare                        0x08002e82   Section        0  rc522.o(i.MFRC522_Compare)
    i.MFRC522_Halt                           0x08002e9e   Section        0  rc522.o(i.MFRC522_Halt)
    i.MFRC522_Init                           0x08002eca   Section        0  rc522.o(i.MFRC522_Init)
    i.MFRC522_ReadRegister                   0x08002f10   Section        0  rc522.o(i.MFRC522_ReadRegister)
    i.MFRC522_Request                        0x08002f1e   Section        0  rc522.o(i.MFRC522_Request)
    i.MFRC522_Reset                          0x08002f4c   Section        0  rc522.o(i.MFRC522_Reset)
    i.MFRC522_SetBitMask                     0x08002f54   Section        0  rc522.o(i.MFRC522_SetBitMask)
    i.MFRC522_ToCard                         0x08002f6c   Section        0  rc522.o(i.MFRC522_ToCard)
    i.MFRC522_WriteRegister                  0x08003080   Section        0  rc522.o(i.MFRC522_WriteRegister)
    i.MLX90614_ReadReg                       0x0800308c   Section        0  mlx90614.o(i.MLX90614_ReadReg)
    i.MLX90614_ReadTemp                      0x08003104   Section        0  mlx90614.o(i.MLX90614_ReadTemp)
    i.MLX90614_SendDebugMsg                  0x08003138   Section        0  mlx90614.o(i.MLX90614_SendDebugMsg)
    i.MX_GPIO_Init                           0x080031b8   Section        0  main.o(i.MX_GPIO_Init)
    MX_GPIO_Init                             0x080031b9   Thumb Code   222  main.o(i.MX_GPIO_Init)
    i.MX_SPI1_Init                           0x080032ac   Section        0  main.o(i.MX_SPI1_Init)
    MX_SPI1_Init                             0x080032ad   Thumb Code    44  main.o(i.MX_SPI1_Init)
    i.MX_TIM3_Init                           0x080032e0   Section        0  main.o(i.MX_TIM3_Init)
    MX_TIM3_Init                             0x080032e1   Thumb Code    74  main.o(i.MX_TIM3_Init)
    i.MemManage_Handler                      0x08003334   Section        0  stm32f1xx_it.o(i.MemManage_Handler)
    i.NMI_Handler                            0x08003336   Section        0  stm32f1xx_it.o(i.NMI_Handler)
    i.PendSV_Handler                         0x08003338   Section        0  stm32f1xx_it.o(i.PendSV_Handler)
    i.SPI1SendByte                           0x0800333c   Section        0  rc522.o(i.SPI1SendByte)
    i.SPI1_ReadReg                           0x0800335c   Section        0  rc522.o(i.SPI1_ReadReg)
    i.SPI1_WriteReg                          0x0800338c   Section        0  rc522.o(i.SPI1_WriteReg)
    i.SPI_EndRxTxTransaction                 0x080033bc   Section        0  stm32f1xx_hal_spi.o(i.SPI_EndRxTxTransaction)
    SPI_EndRxTxTransaction                   0x080033bd   Thumb Code    32  stm32f1xx_hal_spi.o(i.SPI_EndRxTxTransaction)
    i.SPI_WaitFlagStateUntilTimeout          0x080033dc   Section        0  stm32f1xx_hal_spi.o(i.SPI_WaitFlagStateUntilTimeout)
    SPI_WaitFlagStateUntilTimeout            0x080033dd   Thumb Code   180  stm32f1xx_hal_spi.o(i.SPI_WaitFlagStateUntilTimeout)
    i.SSD1306_Clear                          0x08003494   Section        0  ssd1306.o(i.SSD1306_Clear)
    i.SSD1306_DrawPixel                      0x080034a4   Section        0  ssd1306.o(i.SSD1306_DrawPixel)
    i.SSD1306_Fill                           0x080034e8   Section        0  ssd1306.o(i.SSD1306_Fill)
    i.SSD1306_GotoXY                         0x08003500   Section        0  ssd1306.o(i.SSD1306_GotoXY)
    i.SSD1306_Init                           0x08003510   Section        0  ssd1306.o(i.SSD1306_Init)
    i.SSD1306_Putc                           0x08003664   Section        0  ssd1306.o(i.SSD1306_Putc)
    i.SSD1306_Puts                           0x08003704   Section        0  ssd1306.o(i.SSD1306_Puts)
    i.SSD1306_UpdateScreen                   0x0800372c   Section        0  ssd1306.o(i.SSD1306_UpdateScreen)
    i.SVC_Handler                            0x08003778   Section        0  stm32f1xx_it.o(i.SVC_Handler)
    i.SysTick_Handler                        0x0800377a   Section        0  stm32f1xx_it.o(i.SysTick_Handler)
    i.SystemClock_Config                     0x0800377e   Section        0  main.o(i.SystemClock_Config)
    i.SystemInit                             0x080037c0   Section        0  system_stm32f1xx.o(i.SystemInit)
    i.TIM3_IRQHandler                        0x080037c4   Section        0  stm32f1xx_it.o(i.TIM3_IRQHandler)
    i.TIM_Base_SetConfig                     0x080037d0   Section        0  stm32f1xx_hal_tim.o(i.TIM_Base_SetConfig)
    i.TIM_ETR_SetConfig                      0x0800383c   Section        0  stm32f1xx_hal_tim.o(i.TIM_ETR_SetConfig)
    i.TIM_ITRx_SetConfig                     0x08003850   Section        0  stm32f1xx_hal_tim.o(i.TIM_ITRx_SetConfig)
    TIM_ITRx_SetConfig                       0x08003851   Thumb Code    16  stm32f1xx_hal_tim.o(i.TIM_ITRx_SetConfig)
    i.TIM_TI1_ConfigInputStage               0x08003860   Section        0  stm32f1xx_hal_tim.o(i.TIM_TI1_ConfigInputStage)
    TIM_TI1_ConfigInputStage                 0x08003861   Thumb Code    34  stm32f1xx_hal_tim.o(i.TIM_TI1_ConfigInputStage)
    i.TIM_TI2_ConfigInputStage               0x08003882   Section        0  stm32f1xx_hal_tim.o(i.TIM_TI2_ConfigInputStage)
    TIM_TI2_ConfigInputStage                 0x08003883   Thumb Code    36  stm32f1xx_hal_tim.o(i.TIM_TI2_ConfigInputStage)
    i.UART_DMAAbortOnError                   0x080038a6   Section        0  stm32f1xx_hal_uart.o(i.UART_DMAAbortOnError)
    UART_DMAAbortOnError                     0x080038a7   Thumb Code    16  stm32f1xx_hal_uart.o(i.UART_DMAAbortOnError)
    i.UART_EndRxTransfer                     0x080038b6   Section        0  stm32f1xx_hal_uart.o(i.UART_EndRxTransfer)
    UART_EndRxTransfer                       0x080038b7   Thumb Code    28  stm32f1xx_hal_uart.o(i.UART_EndRxTransfer)
    i.UART_Receive_IT                        0x080038d2   Section        0  stm32f1xx_hal_uart.o(i.UART_Receive_IT)
    UART_Receive_IT                          0x080038d3   Thumb Code   140  stm32f1xx_hal_uart.o(i.UART_Receive_IT)
    i.UART_SetConfig                         0x08003960   Section        0  stm32f1xx_hal_uart.o(i.UART_SetConfig)
    UART_SetConfig                           0x08003961   Thumb Code   178  stm32f1xx_hal_uart.o(i.UART_SetConfig)
    i.UART_WaitOnFlagUntilTimeout            0x08003a18   Section        0  stm32f1xx_hal_uart.o(i.UART_WaitOnFlagUntilTimeout)
    UART_WaitOnFlagUntilTimeout              0x08003a19   Thumb Code   100  stm32f1xx_hal_uart.o(i.UART_WaitOnFlagUntilTimeout)
    i.USART1_IRQHandler                      0x08003a7c   Section        0  stm32f1xx_it.o(i.USART1_IRQHandler)
    i.UsageFault_Handler                     0x08003a88   Section        0  stm32f1xx_it.o(i.UsageFault_Handler)
    i.__0printf                              0x08003a8c   Section        0  printfa.o(i.__0printf)
    i.__0snprintf                            0x08003aac   Section        0  printfa.o(i.__0snprintf)
    i.__0sprintf                             0x08003adc   Section        0  printfa.o(i.__0sprintf)
    i.__NVIC_SetPriority                     0x08003b04   Section        0  stm32f1xx_hal_cortex.o(i.__NVIC_SetPriority)
    __NVIC_SetPriority                       0x08003b05   Thumb Code    32  stm32f1xx_hal_cortex.o(i.__NVIC_SetPriority)
    i.__scatterload_copy                     0x08003b24   Section       14  handlers.o(i.__scatterload_copy)
    i.__scatterload_null                     0x08003b32   Section        2  handlers.o(i.__scatterload_null)
    i.__scatterload_zeroinit                 0x08003b34   Section       14  handlers.o(i.__scatterload_zeroinit)
    i._fp_digits                             0x08003b44   Section        0  printfa.o(i._fp_digits)
    _fp_digits                               0x08003b45   Thumb Code   366  printfa.o(i._fp_digits)
    i._printf_core                           0x08003cc8   Section        0  printfa.o(i._printf_core)
    _printf_core                             0x08003cc9   Thumb Code  1744  printfa.o(i._printf_core)
    i._printf_post_padding                   0x080043a4   Section        0  printfa.o(i._printf_post_padding)
    _printf_post_padding                     0x080043a5   Thumb Code    36  printfa.o(i._printf_post_padding)
    i._printf_pre_padding                    0x080043c8   Section        0  printfa.o(i._printf_pre_padding)
    _printf_pre_padding                      0x080043c9   Thumb Code    46  printfa.o(i._printf_pre_padding)
    i._snputc                                0x080043f6   Section        0  printfa.o(i._snputc)
    _snputc                                  0x080043f7   Thumb Code    22  printfa.o(i._snputc)
    i._sputc                                 0x0800440c   Section        0  printfa.o(i._sputc)
    _sputc                                   0x0800440d   Thumb Code    10  printfa.o(i._sputc)
    i.fputc                                  0x08004418   Section        0  main.o(i.fputc)
    i.main                                   0x08004430   Section        0  main.o(i.main)
    i.ssd1306_I2C_Init                       0x080049dc   Section        0  ssd1306.o(i.ssd1306_I2C_Init)
    i.ssd1306_I2C_Write                      0x080049e8   Section        0  ssd1306.o(i.ssd1306_I2C_Write)
    i.ssd1306_I2C_WriteMulti                 0x08004a08   Section        0  ssd1306.o(i.ssd1306_I2C_WriteMulti)
    .constdata                               0x08004a40   Section     3420  fonts.o(.constdata)
    .constdata                               0x0800579c   Section      256  mlx90614.o(.constdata)
    crc_table                                0x0800579c   Data         256  mlx90614.o(.constdata)
    .constdata                               0x0800589c   Section       16  system_stm32f1xx.o(.constdata)
    .constdata                               0x080058ac   Section        8  system_stm32f1xx.o(.constdata)
    .conststring                             0x080058b4   Section       77  mlx90614.o(.conststring)
    .data                                    0x20000000   Section        8  fonts.o(.data)
    .data                                    0x20000008   Section        6  ssd1306.o(.data)
    SSD1306                                  0x20000008   Data           6  ssd1306.o(.data)
    .data                                    0x20000010   Section       20  max30100_for_stm32_hal.o(.data)
    .data                                    0x20000024   Section        8  mlx90614.o(.data)
    .data                                    0x2000002c   Section       42  main.o(.data)
    .data                                    0x20000058   Section       12  stm32f1xx_hal.o(.data)
    .data                                    0x20000064   Section        4  system_stm32f1xx.o(.data)
    .data                                    0x20000068   Section        4  stdout.o(.data)
    .bss                                     0x2000006c   Section     1056  ssd1306.o(.bss)
    SSD1306_Buffer                           0x2000006c   Data        1056  ssd1306.o(.bss)
    .bss                                     0x2000048c   Section      485  main.o(.bss)
    STACK                                    0x20000678   Section     1024  startup_stm32f103xb.o(STACK)

    Global Symbols

    Symbol Name                              Value     Ov Type        Size  Object(Section)

    BuildAttributes$$THM_ISAv4$P$D$K$B$S$PE$A:L22UL41UL21$X:L11$S22US41US21$IEEE1$IW$USESV6$~STKCKD$USESV7$~SHL$OTIME$ROPI$EBA8$MICROLIB$REQ8$PRES8$EABIv2 0x00000000   Number         0  anon$$obj.o ABSOLUTE
    __ARM_use_no_argv                        0x00000000   Number         0  main.o ABSOLUTE
    _printf_a                                0x00000000   Number         0  stubs.o ABSOLUTE
    _printf_c                                0x00000000   Number         0  stubs.o ABSOLUTE
    _printf_charcount                        0x00000000   Number         0  stubs.o ABSOLUTE
    _printf_d                                0x00000000   Number         0  stubs.o ABSOLUTE
    _printf_e                                0x00000000   Number         0  stubs.o ABSOLUTE
    _printf_f                                0x00000000   Number         0  stubs.o ABSOLUTE
    _printf_flags                            0x00000000   Number         0  stubs.o ABSOLUTE
    _printf_fp_dec                           0x00000000   Number         0  stubs.o ABSOLUTE
    _printf_fp_hex                           0x00000000   Number         0  stubs.o ABSOLUTE
    _printf_g                                0x00000000   Number         0  stubs.o ABSOLUTE
    _printf_i                                0x00000000   Number         0  stubs.o ABSOLUTE
    _printf_int_dec                          0x00000000   Number         0  stubs.o ABSOLUTE
    _printf_l                                0x00000000   Number         0  stubs.o ABSOLUTE
    _printf_lc                               0x00000000   Number         0  stubs.o ABSOLUTE
    _printf_ll                               0x00000000   Number         0  stubs.o ABSOLUTE
    _printf_lld                              0x00000000   Number         0  stubs.o ABSOLUTE
    _printf_lli                              0x00000000   Number         0  stubs.o ABSOLUTE
    _printf_llo                              0x00000000   Number         0  stubs.o ABSOLUTE
    _printf_llu                              0x00000000   Number         0  stubs.o ABSOLUTE
    _printf_llx                              0x00000000   Number         0  stubs.o ABSOLUTE
    _printf_longlong_dec                     0x00000000   Number         0  stubs.o ABSOLUTE
    _printf_longlong_hex                     0x00000000   Number         0  stubs.o ABSOLUTE
    _printf_longlong_oct                     0x00000000   Number         0  stubs.o ABSOLUTE
    _printf_ls                               0x00000000   Number         0  stubs.o ABSOLUTE
    _printf_mbtowc                           0x00000000   Number         0  stubs.o ABSOLUTE
    _printf_n                                0x00000000   Number         0  stubs.o ABSOLUTE
    _printf_o                                0x00000000   Number         0  stubs.o ABSOLUTE
    _printf_p                                0x00000000   Number         0  stubs.o ABSOLUTE
    _printf_percent                          0x00000000   Number         0  stubs.o ABSOLUTE
    _printf_pre_padding                      0x00000000   Number         0  stubs.o ABSOLUTE
    _printf_return_value                     0x00000000   Number         0  stubs.o ABSOLUTE
    _printf_s                                0x00000000   Number         0  stubs.o ABSOLUTE
    _printf_sizespec                         0x00000000   Number         0  stubs.o ABSOLUTE
    _printf_str                              0x00000000   Number         0  stubs.o ABSOLUTE
    _printf_truncate_signed                  0x00000000   Number         0  stubs.o ABSOLUTE
    _printf_truncate_unsigned                0x00000000   Number         0  stubs.o ABSOLUTE
    _printf_u                                0x00000000   Number         0  stubs.o ABSOLUTE
    _printf_wc                               0x00000000   Number         0  stubs.o ABSOLUTE
    _printf_wctomb                           0x00000000   Number         0  stubs.o ABSOLUTE
    _printf_widthprec                        0x00000000   Number         0  stubs.o ABSOLUTE
    _printf_x                                0x00000000   Number         0  stubs.o ABSOLUTE
    __cpp_initialize__aeabi_                  - Undefined Weak Reference
    __cxa_finalize                            - Undefined Weak Reference
    __decompress                              - Undefined Weak Reference
    _clock_init                               - Undefined Weak Reference
    _microlib_exit                            - Undefined Weak Reference
    __Vectors_Size                           0x000000ec   Number         0  startup_stm32f103xb.o ABSOLUTE
    __Vectors                                0x08000000   Data           4  startup_stm32f103xb.o(RESET)
    __Vectors_End                            0x080000ec   Data           0  startup_stm32f103xb.o(RESET)
    __main                                   0x080000ed   Thumb Code     0  entry.o(.ARM.Collect$$$$00000000)
    _main_stk                                0x080000ed   Thumb Code     0  entry2.o(.ARM.Collect$$$$00000001)
    _main_scatterload                        0x080000f1   Thumb Code     0  entry5.o(.ARM.Collect$$$$00000004)
    __main_after_scatterload                 0x080000f5   Thumb Code     0  entry5.o(.ARM.Collect$$$$00000004)
    _main_clock                              0x080000f5   Thumb Code     0  entry7b.o(.ARM.Collect$$$$00000008)
    _main_cpp_init                           0x080000f5   Thumb Code     0  entry8b.o(.ARM.Collect$$$$0000000A)
    _main_init                               0x080000f5   Thumb Code     0  entry9a.o(.ARM.Collect$$$$0000000B)
    __rt_final_cpp                           0x080000fd   Thumb Code     0  entry10a.o(.ARM.Collect$$$$0000000D)
    __rt_final_exit                          0x080000fd   Thumb Code     0  entry11a.o(.ARM.Collect$$$$0000000F)
    Reset_Handler                            0x08000101   Thumb Code     8  startup_stm32f103xb.o(.text)
    ADC1_2_IRQHandler                        0x0800011b   Thumb Code     0  startup_stm32f103xb.o(.text)
    CAN1_RX1_IRQHandler                      0x0800011b   Thumb Code     0  startup_stm32f103xb.o(.text)
    CAN1_SCE_IRQHandler                      0x0800011b   Thumb Code     0  startup_stm32f103xb.o(.text)
    DMA1_Channel1_IRQHandler                 0x0800011b   Thumb Code     0  startup_stm32f103xb.o(.text)
    DMA1_Channel2_IRQHandler                 0x0800011b   Thumb Code     0  startup_stm32f103xb.o(.text)
    DMA1_Channel3_IRQHandler                 0x0800011b   Thumb Code     0  startup_stm32f103xb.o(.text)
    DMA1_Channel4_IRQHandler                 0x0800011b   Thumb Code     0  startup_stm32f103xb.o(.text)
    DMA1_Channel5_IRQHandler                 0x0800011b   Thumb Code     0  startup_stm32f103xb.o(.text)
    DMA1_Channel6_IRQHandler                 0x0800011b   Thumb Code     0  startup_stm32f103xb.o(.text)
    DMA1_Channel7_IRQHandler                 0x0800011b   Thumb Code     0  startup_stm32f103xb.o(.text)
    EXTI15_10_IRQHandler                     0x0800011b   Thumb Code     0  startup_stm32f103xb.o(.text)
    EXTI1_IRQHandler                         0x0800011b   Thumb Code     0  startup_stm32f103xb.o(.text)
    EXTI2_IRQHandler                         0x0800011b   Thumb Code     0  startup_stm32f103xb.o(.text)
    EXTI3_IRQHandler                         0x0800011b   Thumb Code     0  startup_stm32f103xb.o(.text)
    EXTI4_IRQHandler                         0x0800011b   Thumb Code     0  startup_stm32f103xb.o(.text)
    EXTI9_5_IRQHandler                       0x0800011b   Thumb Code     0  startup_stm32f103xb.o(.text)
    FLASH_IRQHandler                         0x0800011b   Thumb Code     0  startup_stm32f103xb.o(.text)
    I2C1_ER_IRQHandler                       0x0800011b   Thumb Code     0  startup_stm32f103xb.o(.text)
    I2C1_EV_IRQHandler                       0x0800011b   Thumb Code     0  startup_stm32f103xb.o(.text)
    I2C2_ER_IRQHandler                       0x0800011b   Thumb Code     0  startup_stm32f103xb.o(.text)
    I2C2_EV_IRQHandler                       0x0800011b   Thumb Code     0  startup_stm32f103xb.o(.text)
    PVD_IRQHandler                           0x0800011b   Thumb Code     0  startup_stm32f103xb.o(.text)
    RCC_IRQHandler                           0x0800011b   Thumb Code     0  startup_stm32f103xb.o(.text)
    RTC_Alarm_IRQHandler                     0x0800011b   Thumb Code     0  startup_stm32f103xb.o(.text)
    RTC_IRQHandler                           0x0800011b   Thumb Code     0  startup_stm32f103xb.o(.text)
    SPI1_IRQHandler                          0x0800011b   Thumb Code     0  startup_stm32f103xb.o(.text)
    SPI2_IRQHandler                          0x0800011b   Thumb Code     0  startup_stm32f103xb.o(.text)
    TAMPER_IRQHandler                        0x0800011b   Thumb Code     0  startup_stm32f103xb.o(.text)
    TIM1_BRK_IRQHandler                      0x0800011b   Thumb Code     0  startup_stm32f103xb.o(.text)
    TIM1_CC_IRQHandler                       0x0800011b   Thumb Code     0  startup_stm32f103xb.o(.text)
    TIM1_TRG_COM_IRQHandler                  0x0800011b   Thumb Code     0  startup_stm32f103xb.o(.text)
    TIM1_UP_IRQHandler                       0x0800011b   Thumb Code     0  startup_stm32f103xb.o(.text)
    TIM2_IRQHandler                          0x0800011b   Thumb Code     0  startup_stm32f103xb.o(.text)
    TIM4_IRQHandler                          0x0800011b   Thumb Code     0  startup_stm32f103xb.o(.text)
    USART2_IRQHandler                        0x0800011b   Thumb Code     0  startup_stm32f103xb.o(.text)
    USART3_IRQHandler                        0x0800011b   Thumb Code     0  startup_stm32f103xb.o(.text)
    USBWakeUp_IRQHandler                     0x0800011b   Thumb Code     0  startup_stm32f103xb.o(.text)
    USB_HP_CAN1_TX_IRQHandler                0x0800011b   Thumb Code     0  startup_stm32f103xb.o(.text)
    USB_LP_CAN1_RX0_IRQHandler               0x0800011b   Thumb Code     0  startup_stm32f103xb.o(.text)
    WWDG_IRQHandler                          0x0800011b   Thumb Code     0  startup_stm32f103xb.o(.text)
    __aeabi_llsr                             0x08000125   Thumb Code    32  llushr.o(.text)
    _ll_ushift_r                             0x08000125   Thumb Code     0  llushr.o(.text)
    __aeabi_memset                           0x08000145   Thumb Code    14  memseta.o(.text)
    __aeabi_memset4                          0x08000145   Thumb Code     0  memseta.o(.text)
    __aeabi_memset8                          0x08000145   Thumb Code     0  memseta.o(.text)
    __aeabi_memclr                           0x08000153   Thumb Code     4  memseta.o(.text)
    __aeabi_memclr4                          0x08000153   Thumb Code     0  memseta.o(.text)
    __aeabi_memclr8                          0x08000153   Thumb Code     0  memseta.o(.text)
    _memset$wrapper                          0x08000157   Thumb Code    18  memseta.o(.text)
    __aeabi_fadd                             0x08000169   Thumb Code   164  fadd.o(.text)
    __aeabi_fsub                             0x0800020d   Thumb Code     6  fadd.o(.text)
    __aeabi_frsub                            0x08000213   Thumb Code     6  fadd.o(.text)
    __aeabi_fdiv                             0x08000219   Thumb Code   124  fdiv.o(.text)
    __aeabi_dadd                             0x08000295   Thumb Code   322  dadd.o(.text)
    __aeabi_dsub                             0x080003d7   Thumb Code     6  dadd.o(.text)
    __aeabi_drsub                            0x080003dd   Thumb Code     6  dadd.o(.text)
    __aeabi_dmul                             0x080003e3   Thumb Code   228  dmul.o(.text)
    __aeabi_ui2d                             0x080004c7   Thumb Code    26  dfltui.o(.text)
    __aeabi_f2d                              0x080004e1   Thumb Code    38  f2d.o(.text)
    __aeabi_d2f                              0x08000507   Thumb Code    56  d2f.o(.text)
    __aeabi_uidiv                            0x0800053f   Thumb Code     0  uidiv.o(.text)
    __aeabi_uidivmod                         0x0800053f   Thumb Code    44  uidiv.o(.text)
    __aeabi_uldivmod                         0x0800056b   Thumb Code    98  uldiv.o(.text)
    __aeabi_llsl                             0x080005cd   Thumb Code    30  llshl.o(.text)
    _ll_shift_l                              0x080005cd   Thumb Code     0  llshl.o(.text)
    __aeabi_lasr                             0x080005eb   Thumb Code    36  llsshr.o(.text)
    _ll_sshift_r                             0x080005eb   Thumb Code     0  llsshr.o(.text)
    __I$use$fp                               0x0800060f   Thumb Code     0  iusefp.o(.text)
    _float_round                             0x0800060f   Thumb Code    18  fepilogue.o(.text)
    _float_epilogue                          0x08000621   Thumb Code    92  fepilogue.o(.text)
    _double_round                            0x0800067d   Thumb Code    30  depilogue.o(.text)
    _double_epilogue                         0x0800069b   Thumb Code   156  depilogue.o(.text)
    __aeabi_ddiv                             0x08000737   Thumb Code   222  ddiv.o(.text)
    __aeabi_d2ulz                            0x08000815   Thumb Code    48  dfixul.o(.text)
    __aeabi_cdrcmple                         0x08000845   Thumb Code    48  cdrcmple.o(.text)
    __scatterload                            0x08000875   Thumb Code    28  init.o(.text)
    __scatterload_rt2                        0x08000875   Thumb Code     0  init.o(.text)
    BusFault_Handler                         0x08000899   Thumb Code     2  stm32f1xx_it.o(i.BusFault_Handler)
    CRC8_Calc                                0x0800089d   Thumb Code    28  mlx90614.o(i.CRC8_Calc)
    DebugMon_Handler                         0x080008bd   Thumb Code     2  stm32f1xx_it.o(i.DebugMon_Handler)
    EXTI0_IRQHandler                         0x080008bf   Thumb Code     6  stm32f1xx_it.o(i.EXTI0_IRQHandler)
    HAL_DMA_Abort_IT                         0x080008c5   Thumb Code   148  stm32f1xx_hal_dma.o(i.HAL_DMA_Abort_IT)
    HAL_Delay                                0x0800095d   Thumb Code    32  stm32f1xx_hal.o(i.HAL_Delay)
    HAL_GPIO_EXTI_Callback                   0x08000981   Thumb Code     2  stm32f1xx_hal_gpio.o(i.HAL_GPIO_EXTI_Callback)
    HAL_GPIO_EXTI_IRQHandler                 0x08000985   Thumb Code    18  stm32f1xx_hal_gpio.o(i.HAL_GPIO_EXTI_IRQHandler)
    HAL_GPIO_Init                            0x0800099d   Thumb Code   446  stm32f1xx_hal_gpio.o(i.HAL_GPIO_Init)
    HAL_GPIO_ReadPin                         0x08000b7d   Thumb Code    10  stm32f1xx_hal_gpio.o(i.HAL_GPIO_ReadPin)
    HAL_GPIO_WritePin                        0x08000b87   Thumb Code    10  stm32f1xx_hal_gpio.o(i.HAL_GPIO_WritePin)
    HAL_GetTick                              0x08000b91   Thumb Code     6  stm32f1xx_hal.o(i.HAL_GetTick)
    HAL_I2C_Init                             0x08000b9d   Thumb Code   376  stm32f1xx_hal_i2c.o(i.HAL_I2C_Init)
    HAL_I2C_IsDeviceReady                    0x08000d25   Thumb Code   354  stm32f1xx_hal_i2c.o(i.HAL_I2C_IsDeviceReady)
    HAL_I2C_Master_Receive                   0x08000e91   Thumb Code   564  stm32f1xx_hal_i2c.o(i.HAL_I2C_Master_Receive)
    HAL_I2C_Master_Transmit                  0x080010d5   Thumb Code   290  stm32f1xx_hal_i2c.o(i.HAL_I2C_Master_Transmit)
    HAL_I2C_Mem_Read                         0x08001201   Thumb Code   574  stm32f1xx_hal_i2c.o(i.HAL_I2C_Mem_Read)
    HAL_I2C_MspInit                          0x08001451   Thumb Code   134  stm32f1xx_hal_msp.o(i.HAL_I2C_MspInit)
    HAL_IncTick                              0x080014e9   Thumb Code    12  stm32f1xx_hal.o(i.HAL_IncTick)
    HAL_Init                                 0x080014f9   Thumb Code    32  stm32f1xx_hal.o(i.HAL_Init)
    HAL_InitTick                             0x0800151d   Thumb Code    54  stm32f1xx_hal.o(i.HAL_InitTick)
    HAL_MspInit                              0x0800155d   Thumb Code    52  stm32f1xx_hal_msp.o(i.HAL_MspInit)
    HAL_NVIC_EnableIRQ                       0x08001599   Thumb Code    26  stm32f1xx_hal_cortex.o(i.HAL_NVIC_EnableIRQ)
    HAL_NVIC_SetPriority                     0x080015b5   Thumb Code    60  stm32f1xx_hal_cortex.o(i.HAL_NVIC_SetPriority)
    HAL_NVIC_SetPriorityGrouping             0x080015f5   Thumb Code    26  stm32f1xx_hal_cortex.o(i.HAL_NVIC_SetPriorityGrouping)
    HAL_RCC_ClockConfig                      0x08001619   Thumb Code   280  stm32f1xx_hal_rcc.o(i.HAL_RCC_ClockConfig)
    HAL_RCC_GetPCLK1Freq                     0x08001745   Thumb Code    20  stm32f1xx_hal_rcc.o(i.HAL_RCC_GetPCLK1Freq)
    HAL_RCC_GetPCLK2Freq                     0x08001765   Thumb Code    20  stm32f1xx_hal_rcc.o(i.HAL_RCC_GetPCLK2Freq)
    HAL_RCC_GetSysClockFreq                  0x08001785   Thumb Code    74  stm32f1xx_hal_rcc.o(i.HAL_RCC_GetSysClockFreq)
    HAL_RCC_OscConfig                        0x080017f1   Thumb Code   778  stm32f1xx_hal_rcc.o(i.HAL_RCC_OscConfig)
    HAL_SPI_Init                             0x08001b11   Thumb Code   178  stm32f1xx_hal_spi.o(i.HAL_SPI_Init)
    HAL_SPI_MspInit                          0x08001bc5   Thumb Code    98  stm32f1xx_hal_msp.o(i.HAL_SPI_MspInit)
    HAL_SPI_TransmitReceive                  0x08001c35   Thumb Code   482  stm32f1xx_hal_spi.o(i.HAL_SPI_TransmitReceive)
    HAL_SYSTICK_Config                       0x08001e17   Thumb Code    40  stm32f1xx_hal_cortex.o(i.HAL_SYSTICK_Config)
    HAL_TIMEx_BreakCallback                  0x08001e3f   Thumb Code     2  stm32f1xx_hal_tim_ex.o(i.HAL_TIMEx_BreakCallback)
    HAL_TIMEx_CommutCallback                 0x08001e41   Thumb Code     2  stm32f1xx_hal_tim_ex.o(i.HAL_TIMEx_CommutCallback)
    HAL_TIMEx_MasterConfigSynchronization    0x08001e45   Thumb Code    92  stm32f1xx_hal_tim_ex.o(i.HAL_TIMEx_MasterConfigSynchronization)
    HAL_TIM_Base_Init                        0x08001ead   Thumb Code    90  stm32f1xx_hal_tim.o(i.HAL_TIM_Base_Init)
    HAL_TIM_Base_MspInit                     0x08001f09   Thumb Code    50  stm32f1xx_hal_msp.o(i.HAL_TIM_Base_MspInit)
    HAL_TIM_Base_Start_IT                    0x08001f45   Thumb Code    76  stm32f1xx_hal_tim.o(i.HAL_TIM_Base_Start_IT)
    HAL_TIM_ConfigClockSource                0x08001f9d   Thumb Code   214  stm32f1xx_hal_tim.o(i.HAL_TIM_ConfigClockSource)
    HAL_TIM_IC_CaptureCallback               0x08002073   Thumb Code     2  stm32f1xx_hal_tim.o(i.HAL_TIM_IC_CaptureCallback)
    HAL_TIM_IRQHandler                       0x08002075   Thumb Code   358  stm32f1xx_hal_tim.o(i.HAL_TIM_IRQHandler)
    HAL_TIM_OC_DelayElapsedCallback          0x080021db   Thumb Code     2  stm32f1xx_hal_tim.o(i.HAL_TIM_OC_DelayElapsedCallback)
    HAL_TIM_PWM_PulseFinishedCallback        0x080021dd   Thumb Code     2  stm32f1xx_hal_tim.o(i.HAL_TIM_PWM_PulseFinishedCallback)
    HAL_TIM_PeriodElapsedCallback            0x080021e1   Thumb Code   360  main.o(i.HAL_TIM_PeriodElapsedCallback)
    HAL_TIM_TriggerCallback                  0x08002379   Thumb Code     2  stm32f1xx_hal_tim.o(i.HAL_TIM_TriggerCallback)
    HAL_UART_ErrorCallback                   0x0800237b   Thumb Code     2  stm32f1xx_hal_uart.o(i.HAL_UART_ErrorCallback)
    HAL_UART_IRQHandler                      0x0800237d   Thumb Code   344  stm32f1xx_hal_uart.o(i.HAL_UART_IRQHandler)
    HAL_UART_Init                            0x080024d9   Thumb Code    98  stm32f1xx_hal_uart.o(i.HAL_UART_Init)
    HAL_UART_MspInit                         0x0800253d   Thumb Code   186  stm32f1xx_hal_msp.o(i.HAL_UART_MspInit)
    HAL_UART_Receive_IT                      0x08002609   Thumb Code    82  stm32f1xx_hal_uart.o(i.HAL_UART_Receive_IT)
    HAL_UART_RxCpltCallback                  0x0800265d   Thumb Code    84  main.o(i.HAL_UART_RxCpltCallback)
    HAL_UART_Transmit                        0x080026b9   Thumb Code   178  stm32f1xx_hal_uart.o(i.HAL_UART_Transmit)
    HAL_UART_TxCpltCallback                  0x0800276b   Thumb Code     2  stm32f1xx_hal_uart.o(i.HAL_UART_TxCpltCallback)
    HardFault_Handler                        0x0800276d   Thumb Code     2  stm32f1xx_it.o(i.HardFault_Handler)
    MAX30100_ClearFIFO                       0x08002c1d   Thumb Code    30  max30100_for_stm32_hal.o(i.MAX30100_ClearFIFO)
    MAX30100_EnableInterrupt                 0x08002c3b   Thumb Code    34  max30100_for_stm32_hal.o(i.MAX30100_EnableInterrupt)
    MAX30100_Init                            0x08002c5d   Thumb Code    20  max30100_for_stm32_hal.o(i.MAX30100_Init)
    MAX30100_ReadReg                         0x08002c75   Thumb Code    46  max30100_for_stm32_hal.o(i.MAX30100_ReadReg)
    MAX30100_SetLEDCurrent                   0x08002ca9   Thumb Code    18  max30100_for_stm32_hal.o(i.MAX30100_SetLEDCurrent)
    MAX30100_SetLEDPulseWidth                0x08002cc1   Thumb Code    26  max30100_for_stm32_hal.o(i.MAX30100_SetLEDPulseWidth)
    MAX30100_SetMode                         0x08002cdd   Thumb Code    78  max30100_for_stm32_hal.o(i.MAX30100_SetMode)
    MAX30100_SetSpO2SampleRate               0x08002d31   Thumb Code    26  max30100_for_stm32_hal.o(i.MAX30100_SetSpO2SampleRate)
    MAX30100_Stop                            0x08002d4d   Thumb Code    26  max30100_for_stm32_hal.o(i.MAX30100_Stop)
    MAX30100_WriteReg                        0x08002d6d   Thumb Code    32  max30100_for_stm32_hal.o(i.MAX30100_WriteReg)
    MFRC522_AntennaOn                        0x08002d91   Thumb Code    26  rc522.o(i.MFRC522_AntennaOn)
    MFRC522_Anticoll                         0x08002dab   Thumb Code    66  rc522.o(i.MFRC522_Anticoll)
    MFRC522_CalculateCRC                     0x08002ded   Thumb Code    94  rc522.o(i.MFRC522_CalculateCRC)
    MFRC522_Check                            0x08002e4b   Thumb Code    32  rc522.o(i.MFRC522_Check)
    MFRC522_ClearBitMask                     0x08002e6b   Thumb Code    24  rc522.o(i.MFRC522_ClearBitMask)
    MFRC522_Compare                          0x08002e83   Thumb Code    28  rc522.o(i.MFRC522_Compare)
    MFRC522_Halt                             0x08002e9f   Thumb Code    44  rc522.o(i.MFRC522_Halt)
    MFRC522_Init                             0x08002ecb   Thumb Code    70  rc522.o(i.MFRC522_Init)
    MFRC522_ReadRegister                     0x08002f11   Thumb Code    14  rc522.o(i.MFRC522_ReadRegister)
    MFRC522_Request                          0x08002f1f   Thumb Code    46  rc522.o(i.MFRC522_Request)
    MFRC522_Reset                            0x08002f4d   Thumb Code     8  rc522.o(i.MFRC522_Reset)
    MFRC522_SetBitMask                       0x08002f55   Thumb Code    24  rc522.o(i.MFRC522_SetBitMask)
    MFRC522_ToCard                           0x08002f6d   Thumb Code   276  rc522.o(i.MFRC522_ToCard)
    MFRC522_WriteRegister                    0x08003081   Thumb Code    10  rc522.o(i.MFRC522_WriteRegister)
    MLX90614_ReadReg                         0x0800308d   Thumb Code   116  mlx90614.o(i.MLX90614_ReadReg)
    MLX90614_ReadTemp                        0x08003105   Thumb Code    38  mlx90614.o(i.MLX90614_ReadTemp)
    MLX90614_SendDebugMsg                    0x08003139   Thumb Code    54  mlx90614.o(i.MLX90614_SendDebugMsg)
    MemManage_Handler                        0x08003335   Thumb Code     2  stm32f1xx_it.o(i.MemManage_Handler)
    NMI_Handler                              0x08003337   Thumb Code     2  stm32f1xx_it.o(i.NMI_Handler)
    PendSV_Handler                           0x08003339   Thumb Code     2  stm32f1xx_it.o(i.PendSV_Handler)
    SPI1SendByte                             0x0800333d   Thumb Code    28  rc522.o(i.SPI1SendByte)
    SPI1_ReadReg                             0x0800335d   Thumb Code    44  rc522.o(i.SPI1_ReadReg)
    SPI1_WriteReg                            0x0800338d   Thumb Code    44  rc522.o(i.SPI1_WriteReg)
    SSD1306_Clear                            0x08003495   Thumb Code    16  ssd1306.o(i.SSD1306_Clear)
    SSD1306_DrawPixel                        0x080034a5   Thumb Code    58  ssd1306.o(i.SSD1306_DrawPixel)
    SSD1306_Fill                             0x080034e9   Thumb Code    18  ssd1306.o(i.SSD1306_Fill)
    SSD1306_GotoXY                           0x08003501   Thumb Code    12  ssd1306.o(i.SSD1306_GotoXY)
    SSD1306_Init                             0x08003511   Thumb Code   330  ssd1306.o(i.SSD1306_Init)
    SSD1306_Putc                             0x08003665   Thumb Code   156  ssd1306.o(i.SSD1306_Putc)
    SSD1306_Puts                             0x08003705   Thumb Code    40  ssd1306.o(i.SSD1306_Puts)
    SSD1306_UpdateScreen                     0x0800372d   Thumb Code    70  ssd1306.o(i.SSD1306_UpdateScreen)
    SVC_Handler                              0x08003779   Thumb Code     2  stm32f1xx_it.o(i.SVC_Handler)
    SysTick_Handler                          0x0800377b   Thumb Code     4  stm32f1xx_it.o(i.SysTick_Handler)
    SystemClock_Config                       0x0800377f   Thumb Code    66  main.o(i.SystemClock_Config)
    SystemInit                               0x080037c1   Thumb Code     2  system_stm32f1xx.o(i.SystemInit)
    TIM3_IRQHandler                          0x080037c5   Thumb Code     6  stm32f1xx_it.o(i.TIM3_IRQHandler)
    TIM_Base_SetConfig                       0x080037d1   Thumb Code    94  stm32f1xx_hal_tim.o(i.TIM_Base_SetConfig)
    TIM_ETR_SetConfig                        0x0800383d   Thumb Code    20  stm32f1xx_hal_tim.o(i.TIM_ETR_SetConfig)
    USART1_IRQHandler                        0x08003a7d   Thumb Code     6  stm32f1xx_it.o(i.USART1_IRQHandler)
    UsageFault_Handler                       0x08003a89   Thumb Code     2  stm32f1xx_it.o(i.UsageFault_Handler)
    __0printf                                0x08003a8d   Thumb Code    22  printfa.o(i.__0printf)
    __1printf                                0x08003a8d   Thumb Code     0  printfa.o(i.__0printf)
    __2printf                                0x08003a8d   Thumb Code     0  printfa.o(i.__0printf)
    __c89printf                              0x08003a8d   Thumb Code     0  printfa.o(i.__0printf)
    printf                                   0x08003a8d   Thumb Code     0  printfa.o(i.__0printf)
    __0snprintf                              0x08003aad   Thumb Code    44  printfa.o(i.__0snprintf)
    __1snprintf                              0x08003aad   Thumb Code     0  printfa.o(i.__0snprintf)
    __2snprintf                              0x08003aad   Thumb Code     0  printfa.o(i.__0snprintf)
    __c89snprintf                            0x08003aad   Thumb Code     0  printfa.o(i.__0snprintf)
    snprintf                                 0x08003aad   Thumb Code     0  printfa.o(i.__0snprintf)
    __0sprintf                               0x08003add   Thumb Code    34  printfa.o(i.__0sprintf)
    __1sprintf                               0x08003add   Thumb Code     0  printfa.o(i.__0sprintf)
    __2sprintf                               0x08003add   Thumb Code     0  printfa.o(i.__0sprintf)
    __c89sprintf                             0x08003add   Thumb Code     0  printfa.o(i.__0sprintf)
    sprintf                                  0x08003add   Thumb Code     0  printfa.o(i.__0sprintf)
    __scatterload_copy                       0x08003b25   Thumb Code    14  handlers.o(i.__scatterload_copy)
    __scatterload_null                       0x08003b33   Thumb Code     2  handlers.o(i.__scatterload_null)
    __scatterload_zeroinit                   0x08003b35   Thumb Code    14  handlers.o(i.__scatterload_zeroinit)
    fputc                                    0x08004419   Thumb Code    18  main.o(i.fputc)
    main                                     0x08004431   Thumb Code  1416  main.o(i.main)
    ssd1306_I2C_Init                         0x080049dd   Thumb Code     8  ssd1306.o(i.ssd1306_I2C_Init)
    ssd1306_I2C_Write                        0x080049e9   Thumb Code    28  ssd1306.o(i.ssd1306_I2C_Write)
    ssd1306_I2C_WriteMulti                   0x08004a09   Thumb Code    50  ssd1306.o(i.ssd1306_I2C_WriteMulti)
    Font11x18                                0x08004a40   Data        3420  fonts.o(.constdata)
    AHBPrescTable                            0x0800589c   Data          16  system_stm32f1xx.o(.constdata)
    APBPrescTable                            0x080058ac   Data           8  system_stm32f1xx.o(.constdata)
    Region$$Table$$Base                      0x08005904   Number         0  anon$$obj.o(Region$$Table)
    Region$$Table$$Limit                     0x08005924   Number         0  anon$$obj.o(Region$$Table)
    Font_11x18                               0x20000000   Data           8  fonts.o(.data)
    _max30100_mode                           0x20000010   Data           1  max30100_for_stm32_hal.o(.data)
    _max30100_mode_prev                      0x20000011   Data           1  max30100_for_stm32_hal.o(.data)
    _max30100_ir_current                     0x20000012   Data           1  max30100_for_stm32_hal.o(.data)
    _max30100_red_current                    0x20000013   Data           1  max30100_for_stm32_hal.o(.data)
    _max30100_ir_current_prev                0x20000014   Data           1  max30100_for_stm32_hal.o(.data)
    _max30100_red_current_prev               0x20000015   Data           1  max30100_for_stm32_hal.o(.data)
    _max30100_ui2c                           0x20000018   Data           4  max30100_for_stm32_hal.o(.data)
    _max30100_uuart                          0x2000001c   Data           4  max30100_for_stm32_hal.o(.data)
    _max30100_temp                           0x20000020   Data           4  max30100_for_stm32_hal.o(.data)
    temp_buff                                0x20000024   Data           4  mlx90614.o(.data)
    i                                        0x20000028   Data           4  mlx90614.o(.data)
    bd                                       0x2000002c   Data           1  main.o(.data)
    thutu                                    0x2000002d   Data           1  main.o(.data)
    nut                                      0x2000002e   Data           1  main.o(.data)
    mode                                     0x2000002f   Data           1  main.o(.data)
    dkcheck                                  0x20000030   Data           1  main.o(.data)
    nut2                                     0x20000031   Data           1  main.o(.data)
    haha                                     0x20000032   Data           1  main.o(.data)
    nhietdo                                  0x20000034   Data           4  main.o(.data)
    dk                                       0x20000038   Data           4  main.o(.data)
    dk2                                      0x2000003c   Data           4  main.o(.data)
    temp                                     0x20000040   Data           4  main.o(.data)
    dem                                      0x20000044   Data           4  main.o(.data)
    tong                                     0x20000048   Data           4  main.o(.data)
    CardID                                   0x2000004c   Data           5  main.o(.data)
    CardS                                    0x20000051   Data           5  main.o(.data)
    uwTickFreq                               0x20000058   Data           1  stm32f1xx_hal.o(.data)
    uwTickPrio                               0x2000005c   Data           4  stm32f1xx_hal.o(.data)
    uwTick                                   0x20000060   Data           4  stm32f1xx_hal.o(.data)
    SystemCoreClock                          0x20000064   Data           4  system_stm32f1xx.o(.data)
    __stdout                                 0x20000068   Data           4  stdout.o(.data)
    hi2c1                                    0x2000048c   Data          84  main.o(.bss)
    hi2c2                                    0x200004e0   Data          84  main.o(.bss)
    hspi1                                    0x20000534   Data          88  main.o(.bss)
    huart1                                   0x2000058c   Data          64  main.o(.bss)
    huart2                                   0x200005cc   Data          64  main.o(.bss)
    htim3                                    0x2000060c   Data          72  main.o(.bss)
    dulieu                                   0x20000654   Data           9  main.o(.bss)
    buffer                                   0x2000065d   Data          20  main.o(.bss)
    __initial_sp                             0x20000a78   Data           0  startup_stm32f103xb.o(STACK)



==============================================================================

Memory Map of the image

  Image Entry point : 0x080000ed

  Load Region LR_IROM1 (Base: 0x08000000, Size: 0x00005990, Max: 0x00010000, ABSOLUTE)

    Execution Region ER_IROM1 (Exec base: 0x08000000, Load base: 0x08000000, Size: 0x00005924, Max: 0x00010000, ABSOLUTE)

    Exec Addr    Load Addr    Size         Type   Attr      Idx    E Section Name        Object

    0x08000000   0x08000000   0x000000ec   Data   RO            3    RESET               startup_stm32f103xb.o
    0x080000ec   0x080000ec   0x00000000   Code   RO         4088  * .ARM.Collect$$$$00000000  mc_w.l(entry.o)
    0x080000ec   0x080000ec   0x00000004   Code   RO         4376    .ARM.Collect$$$$00000001  mc_w.l(entry2.o)
    0x080000f0   0x080000f0   0x00000004   Code   RO         4379    .ARM.Collect$$$$00000004  mc_w.l(entry5.o)
    0x080000f4   0x080000f4   0x00000000   Code   RO         4381    .ARM.Collect$$$$00000008  mc_w.l(entry7b.o)
    0x080000f4   0x080000f4   0x00000000   Code   RO         4383    .ARM.Collect$$$$0000000A  mc_w.l(entry8b.o)
    0x080000f4   0x080000f4   0x00000008   Code   RO         4384    .ARM.Collect$$$$0000000B  mc_w.l(entry9a.o)
    0x080000fc   0x080000fc   0x00000000   Code   RO         4386    .ARM.Collect$$$$0000000D  mc_w.l(entry10a.o)
    0x080000fc   0x080000fc   0x00000000   Code   RO         4388    .ARM.Collect$$$$0000000F  mc_w.l(entry11a.o)
    0x080000fc   0x080000fc   0x00000004   Code   RO         4377    .ARM.Collect$$$$00002712  mc_w.l(entry2.o)
    0x08000100   0x08000100   0x00000024   Code   RO            4    .text               startup_stm32f103xb.o
    0x08000124   0x08000124   0x00000020   Code   RO         4091    .text               mc_w.l(llushr.o)
    0x08000144   0x08000144   0x00000024   Code   RO         4093    .text               mc_w.l(memseta.o)
    0x08000168   0x08000168   0x000000b0   Code   RO         4358    .text               mf_w.l(fadd.o)
    0x08000218   0x08000218   0x0000007c   Code   RO         4360    .text               mf_w.l(fdiv.o)
    0x08000294   0x08000294   0x0000014e   Code   RO         4362    .text               mf_w.l(dadd.o)
    0x080003e2   0x080003e2   0x000000e4   Code   RO         4364    .text               mf_w.l(dmul.o)
    0x080004c6   0x080004c6   0x0000001a   Code   RO         4370    .text               mf_w.l(dfltui.o)
    0x080004e0   0x080004e0   0x00000026   Code   RO         4372    .text               mf_w.l(f2d.o)
    0x08000506   0x08000506   0x00000038   Code   RO         4374    .text               mf_w.l(d2f.o)
    0x0800053e   0x0800053e   0x0000002c   Code   RO         4391    .text               mc_w.l(uidiv.o)
    0x0800056a   0x0800056a   0x00000062   Code   RO         4393    .text               mc_w.l(uldiv.o)
    0x080005cc   0x080005cc   0x0000001e   Code   RO         4395    .text               mc_w.l(llshl.o)
    0x080005ea   0x080005ea   0x00000024   Code   RO         4397    .text               mc_w.l(llsshr.o)
    0x0800060e   0x0800060e   0x00000000   Code   RO         4399    .text               mc_w.l(iusefp.o)
    0x0800060e   0x0800060e   0x0000006e   Code   RO         4400    .text               mf_w.l(fepilogue.o)
    0x0800067c   0x0800067c   0x000000ba   Code   RO         4402    .text               mf_w.l(depilogue.o)
    0x08000736   0x08000736   0x000000de   Code   RO         4404    .text               mf_w.l(ddiv.o)
    0x08000814   0x08000814   0x00000030   Code   RO         4406    .text               mf_w.l(dfixul.o)
    0x08000844   0x08000844   0x00000030   Code   RO         4408    .text               mf_w.l(cdrcmple.o)
    0x08000874   0x08000874   0x00000024   Code   RO         4410    .text               mc_w.l(init.o)
    0x08000898   0x08000898   0x00000002   Code   RO          833    i.BusFault_Handler  stm32f1xx_it.o
    0x0800089a   0x0800089a   0x00000002   PAD
    0x0800089c   0x0800089c   0x00000020   Code   RO          671    i.CRC8_Calc         mlx90614.o
    0x080008bc   0x080008bc   0x00000002   Code   RO          834    i.DebugMon_Handler  stm32f1xx_it.o
    0x080008be   0x080008be   0x00000006   Code   RO          835    i.EXTI0_IRQHandler  stm32f1xx_it.o
    0x080008c4   0x080008c4   0x00000098   Code   RO         3458    i.HAL_DMA_Abort_IT  stm32f1xx_hal_dma.o
    0x0800095c   0x0800095c   0x00000024   Code   RO         3085    i.HAL_Delay         stm32f1xx_hal.o
    0x08000980   0x08000980   0x00000002   Code   RO         3391    i.HAL_GPIO_EXTI_Callback  stm32f1xx_hal_gpio.o
    0x08000982   0x08000982   0x00000002   PAD
    0x08000984   0x08000984   0x00000018   Code   RO         3392    i.HAL_GPIO_EXTI_IRQHandler  stm32f1xx_hal_gpio.o
    0x0800099c   0x0800099c   0x000001e0   Code   RO         3393    i.HAL_GPIO_Init     stm32f1xx_hal_gpio.o
    0x08000b7c   0x08000b7c   0x0000000a   Code   RO         3395    i.HAL_GPIO_ReadPin  stm32f1xx_hal_gpio.o
    0x08000b86   0x08000b86   0x0000000a   Code   RO         3397    i.HAL_GPIO_WritePin  stm32f1xx_hal_gpio.o
    0x08000b90   0x08000b90   0x0000000c   Code   RO         3089    i.HAL_GetTick       stm32f1xx_hal.o
    0x08000b9c   0x08000b9c   0x00000188   Code   RO         1046    i.HAL_I2C_Init      stm32f1xx_hal_i2c.o
    0x08000d24   0x08000d24   0x0000016c   Code   RO         1047    i.HAL_I2C_IsDeviceReady  stm32f1xx_hal_i2c.o
    0x08000e90   0x08000e90   0x00000244   Code   RO         1052    i.HAL_I2C_Master_Receive  stm32f1xx_hal_i2c.o
    0x080010d4   0x080010d4   0x0000012c   Code   RO         1059    i.HAL_I2C_Master_Transmit  stm32f1xx_hal_i2c.o
    0x08001200   0x08001200   0x00000250   Code   RO         1064    i.HAL_I2C_Mem_Read  stm32f1xx_hal_i2c.o
    0x08001450   0x08001450   0x00000098   Code   RO          928    i.HAL_I2C_MspInit   stm32f1xx_hal_msp.o
    0x080014e8   0x080014e8   0x00000010   Code   RO         3095    i.HAL_IncTick       stm32f1xx_hal.o
    0x080014f8   0x080014f8   0x00000024   Code   RO         3096    i.HAL_Init          stm32f1xx_hal.o
    0x0800151c   0x0800151c   0x00000040   Code   RO         3097    i.HAL_InitTick      stm32f1xx_hal.o
    0x0800155c   0x0800155c   0x0000003c   Code   RO          929    i.HAL_MspInit       stm32f1xx_hal_msp.o
    0x08001598   0x08001598   0x0000001a   Code   RO         3553    i.HAL_NVIC_EnableIRQ  stm32f1xx_hal_cortex.o
    0x080015b2   0x080015b2   0x00000002   PAD
    0x080015b4   0x080015b4   0x00000040   Code   RO         3559    i.HAL_NVIC_SetPriority  stm32f1xx_hal_cortex.o
    0x080015f4   0x080015f4   0x00000024   Code   RO         3560    i.HAL_NVIC_SetPriorityGrouping  stm32f1xx_hal_cortex.o
    0x08001618   0x08001618   0x0000012c   Code   RO         3253    i.HAL_RCC_ClockConfig  stm32f1xx_hal_rcc.o
    0x08001744   0x08001744   0x00000020   Code   RO         3260    i.HAL_RCC_GetPCLK1Freq  stm32f1xx_hal_rcc.o
    0x08001764   0x08001764   0x00000020   Code   RO         3261    i.HAL_RCC_GetPCLK2Freq  stm32f1xx_hal_rcc.o
    0x08001784   0x08001784   0x0000006c   Code   RO         3262    i.HAL_RCC_GetSysClockFreq  stm32f1xx_hal_rcc.o
    0x080017f0   0x080017f0   0x00000320   Code   RO         3265    i.HAL_RCC_OscConfig  stm32f1xx_hal_rcc.o
    0x08001b10   0x08001b10   0x000000b2   Code   RO         1473    i.HAL_SPI_Init      stm32f1xx_hal_spi.o
    0x08001bc2   0x08001bc2   0x00000002   PAD
    0x08001bc4   0x08001bc4   0x00000070   Code   RO          931    i.HAL_SPI_MspInit   stm32f1xx_hal_msp.o
    0x08001c34   0x08001c34   0x000001e2   Code   RO         1482    i.HAL_SPI_TransmitReceive  stm32f1xx_hal_spi.o
    0x08001e16   0x08001e16   0x00000028   Code   RO         3564    i.HAL_SYSTICK_Config  stm32f1xx_hal_cortex.o
    0x08001e3e   0x08001e3e   0x00000002   Code   RO         2490    i.HAL_TIMEx_BreakCallback  stm32f1xx_hal_tim_ex.o
    0x08001e40   0x08001e40   0x00000002   Code   RO         2491    i.HAL_TIMEx_CommutCallback  stm32f1xx_hal_tim_ex.o
    0x08001e42   0x08001e42   0x00000002   PAD
    0x08001e44   0x08001e44   0x00000068   Code   RO         2509    i.HAL_TIMEx_MasterConfigSynchronization  stm32f1xx_hal_tim_ex.o
    0x08001eac   0x08001eac   0x0000005a   Code   RO         1786    i.HAL_TIM_Base_Init  stm32f1xx_hal_tim.o
    0x08001f06   0x08001f06   0x00000002   PAD
    0x08001f08   0x08001f08   0x0000003c   Code   RO          933    i.HAL_TIM_Base_MspInit  stm32f1xx_hal_msp.o
    0x08001f44   0x08001f44   0x00000058   Code   RO         1791    i.HAL_TIM_Base_Start_IT  stm32f1xx_hal_tim.o
    0x08001f9c   0x08001f9c   0x000000d6   Code   RO         1795    i.HAL_TIM_ConfigClockSource  stm32f1xx_hal_tim.o
    0x08002072   0x08002072   0x00000002   Code   RO         1820    i.HAL_TIM_IC_CaptureCallback  stm32f1xx_hal_tim.o
    0x08002074   0x08002074   0x00000166   Code   RO         1834    i.HAL_TIM_IRQHandler  stm32f1xx_hal_tim.o
    0x080021da   0x080021da   0x00000002   Code   RO         1837    i.HAL_TIM_OC_DelayElapsedCallback  stm32f1xx_hal_tim.o
    0x080021dc   0x080021dc   0x00000002   Code   RO         1864    i.HAL_TIM_PWM_PulseFinishedCallback  stm32f1xx_hal_tim.o
    0x080021de   0x080021de   0x00000002   PAD
    0x080021e0   0x080021e0   0x00000198   Code   RO          747    i.HAL_TIM_PeriodElapsedCallback  main.o
    0x08002378   0x08002378   0x00000002   Code   RO         1877    i.HAL_TIM_TriggerCallback  stm32f1xx_hal_tim.o
    0x0800237a   0x0800237a   0x00000002   Code   RO         2778    i.HAL_UART_ErrorCallback  stm32f1xx_hal_uart.o
    0x0800237c   0x0800237c   0x0000015c   Code   RO         2781    i.HAL_UART_IRQHandler  stm32f1xx_hal_uart.o
    0x080024d8   0x080024d8   0x00000062   Code   RO         2782    i.HAL_UART_Init     stm32f1xx_hal_uart.o
    0x0800253a   0x0800253a   0x00000002   PAD
    0x0800253c   0x0800253c   0x000000cc   Code   RO          935    i.HAL_UART_MspInit  stm32f1xx_hal_msp.o
    0x08002608   0x08002608   0x00000052   Code   RO         2787    i.HAL_UART_Receive_IT  stm32f1xx_hal_uart.o
    0x0800265a   0x0800265a   0x00000002   PAD
    0x0800265c   0x0800265c   0x0000005c   Code   RO          748    i.HAL_UART_RxCpltCallback  main.o
    0x080026b8   0x080026b8   0x000000b2   Code   RO         2790    i.HAL_UART_Transmit  stm32f1xx_hal_uart.o
    0x0800276a   0x0800276a   0x00000002   Code   RO         2793    i.HAL_UART_TxCpltCallback  stm32f1xx_hal_uart.o
    0x0800276c   0x0800276c   0x00000002   Code   RO          836    i.HardFault_Handler  stm32f1xx_it.o
    0x0800276e   0x0800276e   0x0000002e   Code   RO         1088    i.I2C_IsAcknowledgeFailed  stm32f1xx_hal_i2c.o
    0x0800279c   0x0800279c   0x000000ec   Code   RO         1091    i.I2C_MasterRequestRead  stm32f1xx_hal_i2c.o
    0x08002888   0x08002888   0x0000009c   Code   RO         1092    i.I2C_MasterRequestWrite  stm32f1xx_hal_i2c.o
    0x08002924   0x08002924   0x000000fc   Code   RO         1098    i.I2C_RequestMemoryRead  stm32f1xx_hal_i2c.o
    0x08002a20   0x08002a20   0x0000004c   Code   RO         1102    i.I2C_WaitOnBTFFlagUntilTimeout  stm32f1xx_hal_i2c.o
    0x08002a6c   0x08002a6c   0x00000068   Code   RO         1103    i.I2C_WaitOnFlagUntilTimeout  stm32f1xx_hal_i2c.o
    0x08002ad4   0x08002ad4   0x00000096   Code   RO         1104    i.I2C_WaitOnMasterAddressFlagUntilTimeout  stm32f1xx_hal_i2c.o
    0x08002b6a   0x08002b6a   0x00000066   Code   RO         1105    i.I2C_WaitOnRXNEFlagUntilTimeout  stm32f1xx_hal_i2c.o
    0x08002bd0   0x08002bd0   0x0000004c   Code   RO         1106    i.I2C_WaitOnTXEFlagUntilTimeout  stm32f1xx_hal_i2c.o
    0x08002c1c   0x08002c1c   0x0000001e   Code   RO          540    i.MAX30100_ClearFIFO  max30100_for_stm32_hal.o
    0x08002c3a   0x08002c3a   0x00000022   Code   RO          541    i.MAX30100_EnableInterrupt  max30100_for_stm32_hal.o
    0x08002c5c   0x08002c5c   0x00000018   Code   RO          542    i.MAX30100_Init     max30100_for_stm32_hal.o
    0x08002c74   0x08002c74   0x00000034   Code   RO          549    i.MAX30100_ReadReg  max30100_for_stm32_hal.o
    0x08002ca8   0x08002ca8   0x00000018   Code   RO          552    i.MAX30100_SetLEDCurrent  max30100_for_stm32_hal.o
    0x08002cc0   0x08002cc0   0x0000001a   Code   RO          553    i.MAX30100_SetLEDPulseWidth  max30100_for_stm32_hal.o
    0x08002cda   0x08002cda   0x00000002   PAD
    0x08002cdc   0x08002cdc   0x00000054   Code   RO          554    i.MAX30100_SetMode  max30100_for_stm32_hal.o
    0x08002d30   0x08002d30   0x0000001a   Code   RO          555    i.MAX30100_SetSpO2SampleRate  max30100_for_stm32_hal.o
    0x08002d4a   0x08002d4a   0x00000002   PAD
    0x08002d4c   0x08002d4c   0x00000020   Code   RO          556    i.MAX30100_Stop     max30100_for_stm32_hal.o
    0x08002d6c   0x08002d6c   0x00000024   Code   RO          557    i.MAX30100_WriteReg  max30100_for_stm32_hal.o
    0x08002d90   0x08002d90   0x0000001a   Code   RO           14    i.MFRC522_AntennaOn  rc522.o
    0x08002daa   0x08002daa   0x00000042   Code   RO           15    i.MFRC522_Anticoll  rc522.o
    0x08002dec   0x08002dec   0x0000005e   Code   RO           17    i.MFRC522_CalculateCRC  rc522.o
    0x08002e4a   0x08002e4a   0x00000020   Code   RO           18    i.MFRC522_Check     rc522.o
    0x08002e6a   0x08002e6a   0x00000018   Code   RO           19    i.MFRC522_ClearBitMask  rc522.o
    0x08002e82   0x08002e82   0x0000001c   Code   RO           20    i.MFRC522_Compare   rc522.o
    0x08002e9e   0x08002e9e   0x0000002c   Code   RO           21    i.MFRC522_Halt      rc522.o
    0x08002eca   0x08002eca   0x00000046   Code   RO           22    i.MFRC522_Init      rc522.o
    0x08002f10   0x08002f10   0x0000000e   Code   RO           24    i.MFRC522_ReadRegister  rc522.o
    0x08002f1e   0x08002f1e   0x0000002e   Code   RO           25    i.MFRC522_Request   rc522.o
    0x08002f4c   0x08002f4c   0x00000008   Code   RO           26    i.MFRC522_Reset     rc522.o
    0x08002f54   0x08002f54   0x00000018   Code   RO           28    i.MFRC522_SetBitMask  rc522.o
    0x08002f6c   0x08002f6c   0x00000114   Code   RO           29    i.MFRC522_ToCard    rc522.o
    0x08003080   0x08003080   0x0000000a   Code   RO           31    i.MFRC522_WriteRegister  rc522.o
    0x0800308a   0x0800308a   0x00000002   PAD
    0x0800308c   0x0800308c   0x00000078   Code   RO          672    i.MLX90614_ReadReg  mlx90614.o
    0x08003104   0x08003104   0x00000034   Code   RO          673    i.MLX90614_ReadTemp  mlx90614.o
    0x08003138   0x08003138   0x00000080   Code   RO          675    i.MLX90614_SendDebugMsg  mlx90614.o
    0x080031b8   0x080031b8   0x000000f4   Code   RO          749    i.MX_GPIO_Init      main.o
    0x080032ac   0x080032ac   0x00000034   Code   RO          750    i.MX_SPI1_Init      main.o
    0x080032e0   0x080032e0   0x00000054   Code   RO          751    i.MX_TIM3_Init      main.o
    0x08003334   0x08003334   0x00000002   Code   RO          837    i.MemManage_Handler  stm32f1xx_it.o
    0x08003336   0x08003336   0x00000002   Code   RO          838    i.NMI_Handler       stm32f1xx_it.o
    0x08003338   0x08003338   0x00000002   Code   RO          839    i.PendSV_Handler    stm32f1xx_it.o
    0x0800333a   0x0800333a   0x00000002   PAD
    0x0800333c   0x0800333c   0x00000020   Code   RO           32    i.SPI1SendByte      rc522.o
    0x0800335c   0x0800335c   0x00000030   Code   RO           33    i.SPI1_ReadReg      rc522.o
    0x0800338c   0x0800338c   0x00000030   Code   RO           34    i.SPI1_WriteReg     rc522.o
    0x080033bc   0x080033bc   0x00000020   Code   RO         1511    i.SPI_EndRxTxTransaction  stm32f1xx_hal_spi.o
    0x080033dc   0x080033dc   0x000000b8   Code   RO         1516    i.SPI_WaitFlagStateUntilTimeout  stm32f1xx_hal_spi.o
    0x08003494   0x08003494   0x00000010   Code   RO          286    i.SSD1306_Clear     ssd1306.o
    0x080034a4   0x080034a4   0x00000044   Code   RO          293    i.SSD1306_DrawPixel  ssd1306.o
    0x080034e8   0x080034e8   0x00000018   Code   RO          296    i.SSD1306_Fill      ssd1306.o
    0x08003500   0x08003500   0x00000010   Code   RO          297    i.SSD1306_GotoXY    ssd1306.o
    0x08003510   0x08003510   0x00000154   Code   RO          298    i.SSD1306_Init      ssd1306.o
    0x08003664   0x08003664   0x000000a0   Code   RO          302    i.SSD1306_Putc      ssd1306.o
    0x08003704   0x08003704   0x00000028   Code   RO          303    i.SSD1306_Puts      ssd1306.o
    0x0800372c   0x0800372c   0x0000004c   Code   RO          310    i.SSD1306_UpdateScreen  ssd1306.o
    0x08003778   0x08003778   0x00000002   Code   RO          840    i.SVC_Handler       stm32f1xx_it.o
    0x0800377a   0x0800377a   0x00000004   Code   RO          841    i.SysTick_Handler   stm32f1xx_it.o
    0x0800377e   0x0800377e   0x00000042   Code   RO          752    i.SystemClock_Config  main.o
    0x080037c0   0x080037c0   0x00000002   Code   RO         4054    i.SystemInit        system_stm32f1xx.o
    0x080037c2   0x080037c2   0x00000002   PAD
    0x080037c4   0x080037c4   0x0000000c   Code   RO          842    i.TIM3_IRQHandler   stm32f1xx_it.o
    0x080037d0   0x080037d0   0x0000006c   Code   RO         1879    i.TIM_Base_SetConfig  stm32f1xx_hal_tim.o
    0x0800383c   0x0800383c   0x00000014   Code   RO         1890    i.TIM_ETR_SetConfig  stm32f1xx_hal_tim.o
    0x08003850   0x08003850   0x00000010   Code   RO         1891    i.TIM_ITRx_SetConfig  stm32f1xx_hal_tim.o
    0x08003860   0x08003860   0x00000022   Code   RO         1897    i.TIM_TI1_ConfigInputStage  stm32f1xx_hal_tim.o
    0x08003882   0x08003882   0x00000024   Code   RO         1899    i.TIM_TI2_ConfigInputStage  stm32f1xx_hal_tim.o
    0x080038a6   0x080038a6   0x00000010   Code   RO         2795    i.UART_DMAAbortOnError  stm32f1xx_hal_uart.o
    0x080038b6   0x080038b6   0x0000001c   Code   RO         2805    i.UART_EndRxTransfer  stm32f1xx_hal_uart.o
    0x080038d2   0x080038d2   0x0000008c   Code   RO         2807    i.UART_Receive_IT   stm32f1xx_hal_uart.o
    0x0800395e   0x0800395e   0x00000002   PAD
    0x08003960   0x08003960   0x000000b8   Code   RO         2808    i.UART_SetConfig    stm32f1xx_hal_uart.o
    0x08003a18   0x08003a18   0x00000064   Code   RO         2809    i.UART_WaitOnFlagUntilTimeout  stm32f1xx_hal_uart.o
    0x08003a7c   0x08003a7c   0x0000000c   Code   RO          843    i.USART1_IRQHandler  stm32f1xx_it.o
    0x08003a88   0x08003a88   0x00000002   Code   RO          844    i.UsageFault_Handler  stm32f1xx_it.o
    0x08003a8a   0x08003a8a   0x00000002   PAD
    0x08003a8c   0x08003a8c   0x00000020   Code   RO         4330    i.__0printf         mc_w.l(printfa.o)
    0x08003aac   0x08003aac   0x00000030   Code   RO         4331    i.__0snprintf       mc_w.l(printfa.o)
    0x08003adc   0x08003adc   0x00000028   Code   RO         4332    i.__0sprintf        mc_w.l(printfa.o)
    0x08003b04   0x08003b04   0x00000020   Code   RO         3566    i.__NVIC_SetPriority  stm32f1xx_hal_cortex.o
    0x08003b24   0x08003b24   0x0000000e   Code   RO         4414    i.__scatterload_copy  mc_w.l(handlers.o)
    0x08003b32   0x08003b32   0x00000002   Code   RO         4415    i.__scatterload_null  mc_w.l(handlers.o)
    0x08003b34   0x08003b34   0x0000000e   Code   RO         4416    i.__scatterload_zeroinit  mc_w.l(handlers.o)
    0x08003b42   0x08003b42   0x00000002   PAD
    0x08003b44   0x08003b44   0x00000184   Code   RO         4337    i._fp_digits        mc_w.l(printfa.o)
    0x08003cc8   0x08003cc8   0x000006dc   Code   RO         4338    i._printf_core      mc_w.l(printfa.o)
    0x080043a4   0x080043a4   0x00000024   Code   RO         4339    i._printf_post_padding  mc_w.l(printfa.o)
    0x080043c8   0x080043c8   0x0000002e   Code   RO         4340    i._printf_pre_padding  mc_w.l(printfa.o)
    0x080043f6   0x080043f6   0x00000016   Code   RO         4341    i._snputc           mc_w.l(printfa.o)
    0x0800440c   0x0800440c   0x0000000a   Code   RO         4342    i._sputc            mc_w.l(printfa.o)
    0x08004416   0x08004416   0x00000002   PAD
    0x08004418   0x08004418   0x00000018   Code   RO          753    i.fputc             main.o
    0x08004430   0x08004430   0x000005ac   Code   RO          754    i.main              main.o
    0x080049dc   0x080049dc   0x0000000c   Code   RO          311    i.ssd1306_I2C_Init  ssd1306.o
    0x080049e8   0x080049e8   0x00000020   Code   RO          312    i.ssd1306_I2C_Write  ssd1306.o
    0x08004a08   0x08004a08   0x00000038   Code   RO          313    i.ssd1306_I2C_WriteMulti  ssd1306.o
    0x08004a40   0x08004a40   0x00000d5c   Data   RO          250    .constdata          fonts.o
    0x0800579c   0x0800579c   0x00000100   Data   RO          677    .constdata          mlx90614.o
    0x0800589c   0x0800589c   0x00000010   Data   RO         4055    .constdata          system_stm32f1xx.o
    0x080058ac   0x080058ac   0x00000008   Data   RO         4056    .constdata          system_stm32f1xx.o
    0x080058b4   0x080058b4   0x0000004d   Data   RO          678    .conststring        mlx90614.o
    0x08005901   0x08005901   0x00000003   PAD
    0x08005904   0x08005904   0x00000020   Data   RO         4412    Region$$Table       anon$$obj.o


    Execution Region RW_IRAM1 (Exec base: 0x20000000, Load base: 0x08005924, Size: 0x00000a78, Max: 0x00005000, ABSOLUTE)

    Exec Addr    Load Addr    Size         Type   Attr      Idx    E Section Name        Object

    0x20000000   0x08005924   0x00000008   Data   RW          253    .data               fonts.o
    0x20000008   0x0800592c   0x00000006   Data   RW          315    .data               ssd1306.o
    0x2000000e   0x08005932   0x00000002   PAD
    0x20000010   0x08005934   0x00000014   Data   RW          560    .data               max30100_for_stm32_hal.o
    0x20000024   0x08005948   0x00000008   Data   RW          679    .data               mlx90614.o
    0x2000002c   0x08005950   0x0000002a   Data   RW          757    .data               main.o
    0x20000056   0x0800597a   0x00000002   PAD
    0x20000058   0x0800597c   0x0000000c   Data   RW         3103    .data               stm32f1xx_hal.o
    0x20000064   0x08005988   0x00000004   Data   RW         4057    .data               system_stm32f1xx.o
    0x20000068   0x0800598c   0x00000004   Data   RW         4390    .data               mc_w.l(stdout.o)
    0x2000006c        -       0x00000420   Zero   RW          314    .bss                ssd1306.o
    0x2000048c        -       0x000001e5   Zero   RW          755    .bss                main.o
    0x20000671   0x08005990   0x00000007   PAD
    0x20000678        -       0x00000400   Zero   RW            1    STACK               startup_stm32f103xb.o


==============================================================================

Image component sizes


      Code (inc. data)   RO Data    RW Data    ZI Data      Debug   Object Name

         0          0       3420          8          0       1111   fonts.o
      2422        336          0         42        485       8090   main.o
       368         32          0         20          0       9072   max30100_for_stm32_hal.o
       332         96        333          8          0       3291   mlx90614.o
       890         12          0          0          0     447562   rc522.o
       840         54          0          6       1056       8256   ssd1306.o
        36          8        236          0       1024        768   startup_stm32f103xb.o
       164         28          0         12          0       5605   stm32f1xx_hal.o
       198         14          0          0          0      28719   stm32f1xx_hal_cortex.o
       152          4          0          0          0       1031   stm32f1xx_hal_dma.o
       526         40          0          0          0       4415   stm32f1xx_hal_gpio.o
      3426         88          0          0          0      15993   stm32f1xx_hal_i2c.o
       588         68          0          0          0       3528   stm32f1xx_hal_msp.o
      1272        100          0          0          0       4972   stm32f1xx_hal_rcc.o
       876          4          0          0          0       4517   stm32f1xx_hal_spi.o
       972         26          0          0          0       9153   stm32f1xx_hal_tim.o
       108         12          0          0          0       2225   stm32f1xx_hal_tim_ex.o
      1178         10          0          0          0       8527   stm32f1xx_hal_uart.o
        50         12          0          0          0       4631   stm32f1xx_it.o
         2          0         24          4          0        987   system_stm32f1xx.o

    ----------------------------------------------------------------------
     14432        944       4048        104       2572     572453   Object Totals
         0          0         32          0          0          0   (incl. Generated)
        32          0          3          4          7          0   (incl. Padding)

    ----------------------------------------------------------------------

      Code (inc. data)   RO Data    RW Data    ZI Data      Debug   Library Member Name

         0          0          0          0          0          0   entry.o
         0          0          0          0          0          0   entry10a.o
         0          0          0          0          0          0   entry11a.o
         8          4          0          0          0          0   entry2.o
         4          0          0          0          0          0   entry5.o
         0          0          0          0          0          0   entry7b.o
         0          0          0          0          0          0   entry8b.o
         8          4          0          0          0          0   entry9a.o
        30          0          0          0          0          0   handlers.o
        36          8          0          0          0         68   init.o
         0          0          0          0          0          0   iusefp.o
        30          0          0          0          0         68   llshl.o
        36          0          0          0          0         68   llsshr.o
        32          0          0          0          0         68   llushr.o
        36          0          0          0          0        108   memseta.o
      2378        100          0          0          0        756   printfa.o
         0          0          0          4          0          0   stdout.o
        44          0          0          0          0         80   uidiv.o
        98          0          0          0          0         92   uldiv.o
        48          0          0          0          0         68   cdrcmple.o
        56          0          0          0          0         88   d2f.o
       334          0          0          0          0        148   dadd.o
       222          0          0          0          0        100   ddiv.o
       186          0          0          0          0        176   depilogue.o
        48          0          0          0          0         68   dfixul.o
        26          0          0          0          0         76   dfltui.o
       228          0          0          0          0         96   dmul.o
        38          0          0          0          0         68   f2d.o
       176          0          0          0          0        140   fadd.o
       124          0          0          0          0         88   fdiv.o
       110          0          0          0          0        168   fepilogue.o

    ----------------------------------------------------------------------
      4340        116          0          4          0       2592   Library Totals
         4          0          0          0          0          0   (incl. Padding)

    ----------------------------------------------------------------------

      Code (inc. data)   RO Data    RW Data    ZI Data      Debug   Library Name

      2740        116          0          4          0       1308   mc_w.l
      1596          0          0          0          0       1284   mf_w.l

    ----------------------------------------------------------------------
      4340        116          0          4          0       2592   Library Totals

    ----------------------------------------------------------------------

==============================================================================


      Code (inc. data)   RO Data    RW Data    ZI Data      Debug   

     18772       1060       4048        108       2572     567085   Grand Totals
     18772       1060       4048        108       2572     567085   ELF Image Totals
     18772       1060       4048        108          0          0   ROM Totals

==============================================================================

    Total RO  Size (Code + RO Data)                22820 (  22.29kB)
    Total RW  Size (RW Data + ZI Data)              2680 (   2.62kB)
    Total ROM Size (Code + RO Data + RW Data)      22928 (  22.39kB)

==============================================================================

