<html>
<body>
<pre>
<h1>µVision Build Log</h1>
<h2>Tool Versions:</h2>
IDE-Version: µVision V5.28.0.0
Copyright (C) 2019 ARM Ltd and ARM Germany GmbH. All rights reserved.
License Information: Thang Tran, Dai hoc giao thong van tai, LIC=----
 
Tool Versions:
Toolchain:       MDK-Lite  Version: 5.28.0.0
Toolchain Path:  C:\Keil_v5\ARM\ARMCC\Bin
C Compiler:      Armcc.exe V5.06 update 6 (build 750)
Assembler:       Armasm.exe V5.06 update 6 (build 750)
Linker/Locator:  ArmLink.exe V5.06 update 6 (build 750)
Library Manager: ArmAr.exe V5.06 update 6 (build 750)
Hex Converter:   FromElf.exe V5.06 update 6 (build 750)
CPU DLL:         SARMCM3.DLL V5.28.0.0
Dialog DLL:      DCM.DLL V1.17.3.0
Target DLL:      STLink\ST-LINKIII-KEIL_SWO.dll V3.0.6.0
Dialog DLL:      TCM.DLL V1.36.2.0
 
<h2>Project:</h2>
G:\ARM\thuRC522\MDK-ARM\thuRC522.uvprojx
Project File Date:  12/12/2020

<h2>Output:</h2>
*** Using Compiler 'V5.06 update 6 (build 750)', folder: 'C:\Keil_v5\ARM\ARMCC\Bin'
Build target 'thuRC522'
compiling main.c...
../Inc/max30100_for_stm32_hal.h(116): warning:  #1295-D: Deprecated declaration MAX30100_ReadTemperature - give arg types
  float MAX30100_ReadTemperature();
../Inc/ssd1306.h(238): warning:  #1295-D: Deprecated declaration ssd1306_I2C_Init - give arg types
  void ssd1306_I2C_Init();
../Src/main.c(248): warning:  #188-D: enumerated type mixed with another type
    SSD1306_Puts ("DAI HOC", &Font_11x18, 1);
../Src/main.c(250): warning:  #188-D: enumerated type mixed with another type
    SSD1306_Puts ("GTVT:)", &Font_11x18, 1);
../Src/main.c(260): warning:  #188-D: enumerated type mixed with another type
  			SSD1306_Puts ("->DH GTVT<-",&Font_11x18,1);
../Src/main.c(262): warning:  #188-D: enumerated type mixed with another type
  		  SSD1306_Puts(buffer,&Font_11x18, 1);
../Src/main.c(265): warning:  #188-D: enumerated type mixed with another type
  			SSD1306_Puts("QUET THE",&Font_11x18, 1);
../Src/main.c(273): warning:  #188-D: enumerated type mixed with another type
        SSD1306_Puts(buffer,&Font_11x18, 1);
../Src/main.c(275): warning:  #188-D: enumerated type mixed with another type
  		  SSD1306_Puts("SENSOR TEMP",&Font_11x18, 1);
../Src/main.c(282): warning:  #188-D: enumerated type mixed with another type
        SSD1306_Puts(buffer,&Font_11x18, 1);
../Src/main.c(285): warning:  #188-D: enumerated type mixed with another type
  		  SSD1306_Puts(buffer,&Font_11x18,1);
../Src/main.c(287): warning:  #188-D: enumerated type mixed with another type
  		  SSD1306_Puts("HR_|",&Font_11x18, 1);
../Src/main.c(289): warning:  #188-D: enumerated type mixed with another type
  		  SSD1306_Puts("SPO2",&Font_11x18, 1);
../Src/main.c(299): warning:  #188-D: enumerated type mixed with another type
        SSD1306_Puts(buffer,&Font_11x18, 1);
../Src/main.c(302): warning:  #188-D: enumerated type mixed with another type
  		  SSD1306_Puts(buffer,&Font_11x18,1);
../Src/main.c(308): warning:  #167-D: argument of type "uint8_t *" is incompatible with parameter of type "char *"
  		  SSD1306_Puts(dulieu,&Font_11x18, 1);
../Src/main.c(308): warning:  #188-D: enumerated type mixed with another type
  		  SSD1306_Puts(dulieu,&Font_11x18, 1);
../Src/main.c(309): warning:  #188-D: enumerated type mixed with another type
  			SSD1306_Puts("%",&Font_11x18,1);
../Src/main.c(312): warning:  #167-D: argument of type "char *" is incompatible with parameter of type "uint8_t *"
  			HAL_UART_Transmit(&huart2,buffer,5,1000);
../Src/main.c(350): warning:  #188-D: enumerated type mixed with another type
  			SSD1306_Puts ("->DH GTVT<-",&Font_11x18,1);
../Src/main.c(352): warning:  #188-D: enumerated type mixed with another type
  			SSD1306_Puts ("INDEN CARD",&Font_11x18,1);
../Src/main.c(356): warning:  #188-D: enumerated type mixed with another type
  				SSD1306_Puts("QUET THE",&Font_11x18, 1);
../Src/main.c(369): warning:  #188-D: enumerated type mixed with another type
  				SSD1306_Puts(buffer,&Font_11x18, 1);
../Src/main.c(384): warning:  #188-D: enumerated type mixed with another type
  				  SSD1306_Puts(buffer,&Font_11x18, 1);
../Src/main.c(206): warning:  #177-D: variable "len"  was declared but never referenced
    uint8_t len;	
../Src/main.c(207): warning:  #177-D: variable "times"  was declared but never referenced
    uint16_t times=0; 
../Src/main.c: 26 warnings, 0 errors
linking...
Program Size: Code=18772 RO-data=4048 RW-data=108 ZI-data=2572  
FromELF: creating hex file...
"thuRC522\thuRC522.axf" - 0 Error(s), 26 Warning(s).

<h2>Software Packages used:</h2>

Package Vendor: ARM
                http://www.keil.com/pack/ARM.CMSIS.5.5.1.pack
                ARM.CMSIS.5.5.1
                CMSIS (Cortex Microcontroller Software Interface Standard)
   * Component: CORE Version: 5.2.0

Package Vendor: Keil
                http://www.keil.com/pack/Keil.STM32F1xx_DFP.2.3.0.pack
                Keil.STM32F1xx_DFP.2.3.0
                STMicroelectronics STM32F1 Series Device Support, Drivers and Examples

<h2>Collection of Component include folders:</h2>
  .\RTE\_thuRC522
  C:\Users\Lenovo\AppData\Local\Arm\Packs\ARM\CMSIS\5.5.1\CMSIS\Core\Include
  C:\Users\Lenovo\AppData\Local\Arm\Packs\Keil\STM32F1xx_DFP\2.3.0\Device\Include

<h2>Collection of Component Files used:</h2>

   * Component: ARM::CMSIS:CORE:5.2.0
Build Time Elapsed:  00:00:05
</pre>
</body>
</html>
